Archive member included to satisfy reference by file (symbol)

/usr/lib/gcc/arm-none-eabi/10.3.1/thumb/v6-m/nofp/libgcc.a(_dvmd_tls.o)
                              CMakeFiles/main.dir/home/luminarei/projects/pico-sdk/src/rp2_common/pico_divider/divider.S.obj (__aeabi_idiv0)
/usr/lib/gcc/arm-none-eabi/10.3.1/../../../arm-none-eabi/lib/thumb/v6-m/nofp/libc.a(lib_a-atexit.o)
                              /usr/lib/gcc/arm-none-eabi/10.3.1/../../../arm-none-eabi/lib/thumb/v6-m/nofp/crt0.o (atexit)
/usr/lib/gcc/arm-none-eabi/10.3.1/../../../arm-none-eabi/lib/thumb/v6-m/nofp/libc.a(lib_a-calloc.o)
                              CMakeFiles/main.dir/home/luminarei/projects/pico-sdk/src/rp2_common/pico_malloc/pico_malloc.c.obj (calloc)
/usr/lib/gcc/arm-none-eabi/10.3.1/../../../arm-none-eabi/lib/thumb/v6-m/nofp/libc.a(lib_a-callocr.o)
                              /usr/lib/gcc/arm-none-eabi/10.3.1/../../../arm-none-eabi/lib/thumb/v6-m/nofp/libc.a(lib_a-calloc.o) (_calloc_r)
/usr/lib/gcc/arm-none-eabi/10.3.1/../../../arm-none-eabi/lib/thumb/v6-m/nofp/libc.a(lib_a-fini.o)
                              /usr/lib/gcc/arm-none-eabi/10.3.1/../../../arm-none-eabi/lib/thumb/v6-m/nofp/crt0.o (__libc_fini_array)
/usr/lib/gcc/arm-none-eabi/10.3.1/../../../arm-none-eabi/lib/thumb/v6-m/nofp/libc.a(lib_a-impure.o)
                              /usr/lib/gcc/arm-none-eabi/10.3.1/../../../arm-none-eabi/lib/thumb/v6-m/nofp/libc.a(lib_a-calloc.o) (_impure_ptr)
/usr/lib/gcc/arm-none-eabi/10.3.1/../../../arm-none-eabi/lib/thumb/v6-m/nofp/libc.a(lib_a-init.o)
                              /usr/lib/gcc/arm-none-eabi/10.3.1/../../../arm-none-eabi/lib/thumb/v6-m/nofp/crt0.o (__libc_init_array)
/usr/lib/gcc/arm-none-eabi/10.3.1/../../../arm-none-eabi/lib/thumb/v6-m/nofp/libc.a(lib_a-malloc.o)
                              CMakeFiles/main.dir/home/luminarei/projects/pico-sdk/src/rp2_common/pico_malloc/pico_malloc.c.obj (malloc)
/usr/lib/gcc/arm-none-eabi/10.3.1/../../../arm-none-eabi/lib/thumb/v6-m/nofp/libc.a(lib_a-mallocr.o)
                              /usr/lib/gcc/arm-none-eabi/10.3.1/../../../arm-none-eabi/lib/thumb/v6-m/nofp/libc.a(lib_a-callocr.o) (_malloc_r)
/usr/lib/gcc/arm-none-eabi/10.3.1/../../../arm-none-eabi/lib/thumb/v6-m/nofp/libc.a(lib_a-memcmp.o)
                              CMakeFiles/main.dir/home/luminarei/projects/pico-sdk/lib/cyw43-driver/src/cyw43_ll.c.obj (memcmp)
/usr/lib/gcc/arm-none-eabi/10.3.1/../../../arm-none-eabi/lib/thumb/v6-m/nofp/libc.a(lib_a-memmove.o)
                              CMakeFiles/main.dir/home/luminarei/projects/pico-sdk/lib/cyw43-driver/src/cyw43_ll.c.obj (memmove)
/usr/lib/gcc/arm-none-eabi/10.3.1/../../../arm-none-eabi/lib/thumb/v6-m/nofp/libc.a(lib_a-mlock.o)
                              /usr/lib/gcc/arm-none-eabi/10.3.1/../../../arm-none-eabi/lib/thumb/v6-m/nofp/libc.a(lib_a-mallocr.o) (__malloc_lock)
/usr/lib/gcc/arm-none-eabi/10.3.1/../../../arm-none-eabi/lib/thumb/v6-m/nofp/libc.a(lib_a-realloc.o)
                              CMakeFiles/main.dir/home/luminarei/projects/pico-sdk/src/rp2_common/pico_malloc/pico_malloc.c.obj (realloc)
/usr/lib/gcc/arm-none-eabi/10.3.1/../../../arm-none-eabi/lib/thumb/v6-m/nofp/libc.a(lib_a-reallocr.o)
                              /usr/lib/gcc/arm-none-eabi/10.3.1/../../../arm-none-eabi/lib/thumb/v6-m/nofp/libc.a(lib_a-realloc.o) (_realloc_r)
/usr/lib/gcc/arm-none-eabi/10.3.1/../../../arm-none-eabi/lib/thumb/v6-m/nofp/libc.a(lib_a-sbrkr.o)
                              /usr/lib/gcc/arm-none-eabi/10.3.1/../../../arm-none-eabi/lib/thumb/v6-m/nofp/libc.a(lib_a-mallocr.o) (_sbrk_r)
/usr/lib/gcc/arm-none-eabi/10.3.1/../../../arm-none-eabi/lib/thumb/v6-m/nofp/libc.a(lib_a-strlen-stub.o)
                              CMakeFiles/main.dir/home/luminarei/projects/pico-sdk/src/rp2_common/pico_stdio/stdio.c.obj (strlen)
/usr/lib/gcc/arm-none-eabi/10.3.1/../../../arm-none-eabi/lib/thumb/v6-m/nofp/libc.a(lib_a-strncmp.o)
                              CMakeFiles/main.dir/home/luminarei/projects/pico-sdk/lib/cyw43-driver/src/cyw43_ll.c.obj (strncmp)
/usr/lib/gcc/arm-none-eabi/10.3.1/../../../arm-none-eabi/lib/thumb/v6-m/nofp/libc.a(lib_a-__atexit.o)
                              /usr/lib/gcc/arm-none-eabi/10.3.1/../../../arm-none-eabi/lib/thumb/v6-m/nofp/libc.a(lib_a-atexit.o) (__register_exitproc)
/usr/lib/gcc/arm-none-eabi/10.3.1/../../../arm-none-eabi/lib/thumb/v6-m/nofp/libc.a(lib_a-freer.o)
                              /usr/lib/gcc/arm-none-eabi/10.3.1/../../../arm-none-eabi/lib/thumb/v6-m/nofp/libc.a(lib_a-malloc.o) (_free_r)
/usr/lib/gcc/arm-none-eabi/10.3.1/../../../arm-none-eabi/lib/thumb/v6-m/nofp/libc.a(lib_a-reent.o)
                              /usr/lib/gcc/arm-none-eabi/10.3.1/../../../arm-none-eabi/lib/thumb/v6-m/nofp/libc.a(lib_a-sbrkr.o) (errno)

Discarded input sections

 .text          0x0000000000000000        0x0 /usr/lib/gcc/arm-none-eabi/10.3.1/thumb/v6-m/nofp/crti.o
[...]
Memory Configuration

Name             Origin             Length             Attributes
FLASH            0x0000000010000000 0x0000000000200000 xr
RAM              0x0000000020000000 0x0000000000040000 xrw
SCRATCH_X        0x0000000020040000 0x0000000000001000 xrw
SCRATCH_Y        0x0000000020041000 0x0000000000001000 xrw
*default*        0x0000000000000000 0xffffffffffffffff

Linker script and memory map

LOAD /usr/lib/gcc/arm-none-eabi/10.3.1/thumb/v6-m/nofp/crti.o
LOAD /usr/lib/gcc/arm-none-eabi/10.3.1/thumb/v6-m/nofp/crtbegin.o
LOAD /usr/lib/gcc/arm-none-eabi/10.3.1/../../../arm-none-eabi/lib/thumb/v6-m/nofp/crt0.o

.flash_begin    0x0000000010000000        0x0
                0x0000000010000000                __flash_binary_start = .

.boot2          0x0000000010000000      0x100
                0x0000000010000000                __boot2_start__ = .
 *(.boot2)
 .boot2         0x0000000010000000      0x100 /tmp/cchuTW2e.o
                0x0000000010000100                __boot2_end__ = .
                0x0000000000000001                ASSERT (((__boot2_end__ - __boot2_start__) == 0x100), ERROR: Pico second stage bootloader must be 256 bytes in size)

.text           0x0000000010000100     0x81f0
                0x0000000010000100                __logical_binary_start = .
 *(.vectors)
 .vectors       0x0000000010000100       0xd4 CMakeFiles/main.dir/home/luminarei/projects/pico-sdk/src/rp2_common/pico_standard_link/crt0.S.obj
                0x0000000010000100                __vectors
                0x0000000010000100                __VECTOR_TABLE
                0x00000000100001c0                isr_invalid
                0x00000000100001c0                __default_isrs_start
                0x00000000100001c2                isr_nmi
                0x00000000100001c4                isr_hardfault
                0x00000000100001c6                isr_svcall
                0x00000000100001c8                isr_pendsv
                0x00000000100001ca                isr_systick
                0x00000000100001cc                isr_irq30
                0x00000000100001cc                __unhandled_user_irq
                0x00000000100001cc                isr_irq13
                0x00000000100001cc                isr_irq27
                0x00000000100001cc                isr_irq31
                0x00000000100001cc                isr_irq5
                0x00000000100001cc                isr_irq11
                0x00000000100001cc                isr_irq23
                0x00000000100001cc                isr_irq18
                0x00000000100001cc                isr_irq28
                0x00000000100001cc                isr_irq19
                0x00000000100001cc                isr_irq0
                0x00000000100001cc                isr_irq6
                0x00000000100001cc                isr_irq22
                0x00000000100001cc                isr_irq17
                0x00000000100001cc                isr_irq14
                0x00000000100001cc                isr_irq2
                0x00000000100001cc                isr_irq10
                0x00000000100001cc                isr_irq8
                0x00000000100001cc                isr_irq24
                0x00000000100001cc                isr_irq1
                0x00000000100001cc                isr_irq7
                0x00000000100001cc                isr_irq21
                0x00000000100001cc                isr_irq20
                0x00000000100001cc                isr_irq15
                0x00000000100001cc                isr_irq25
                0x00000000100001cc                isr_irq4
                0x00000000100001cc                isr_irq16
                0x00000000100001cc                isr_irq29
                0x00000000100001cc                isr_irq26
                0x00000000100001cc                __default_isrs_end
                0x00000000100001cc                isr_irq3
                0x00000000100001cc                isr_irq12
                0x00000000100001cc                isr_irq9
                0x00000000100001d2                unhandled_user_irq_num_in_r0
 *(.binary_info_header)
 .binary_info_header
                0x00000000100001d4       0x14 CMakeFiles/main.dir/home/luminarei/projects/pico-sdk/src/rp2_common/pico_standard_link/crt0.S.obj
                0x00000000100001e8                __binary_info_header_end = .
 *(.reset)
 .reset         0x00000000100001e8       0xa0 CMakeFiles/main.dir/home/luminarei/projects/pico-sdk/src/rp2_common/pico_standard_link/crt0.S.obj
                0x00000000100001e8                _entry_point
 .reset         0x0000000010000288       0x30 CMakeFiles/main.dir/home/luminarei/projects/pico-sdk/src/rp2_common/pico_standard_link/binary_info.c.obj
 *(.init)
 .init          0x00000000100002b8        0x4 /usr/lib/gcc/arm-none-eabi/10.3.1/thumb/v6-m/nofp/crti.o
                0x00000000100002b8                _init
 *(EXCLUDE_FILE(*libm.a: *libc.a:*lib_a-mem*.o *libgcc.a:) .text*)
 .text          0x00000000100002bc       0x98 /usr/lib/gcc/arm-none-eabi/10.3.1/thumb/v6-m/nofp/crtbegin.o
 .text.startup.main
                0x0000000010000354       0x3c CMakeFiles/main.dir/source/main.c.obj
                0x0000000010000354                main
 .text.gpio_set_function
                0x0000000010000390       0x30 CMakeFiles/main.dir/home/luminarei/projects/pico-sdk/src/rp2_common/hardware_gpio/gpio.c.obj
                0x0000000010000390                gpio_set_function
 .text.gpio_set_pulls
                0x00000000100003c0       0x30 CMakeFiles/main.dir/home/luminarei/projects/pico-sdk/src/rp2_common/hardware_gpio/gpio.c.obj
                0x00000000100003c0                gpio_set_pulls
 .text.gpio_set_input_hysteresis_enabled
                0x00000000100003f0       0x28 CMakeFiles/main.dir/home/luminarei/projects/pico-sdk/src/rp2_common/hardware_gpio/gpio.c.obj
                0x00000000100003f0                gpio_set_input_hysteresis_enabled
 .text.gpio_set_irq_enabled
                0x0000000010000418       0x54 CMakeFiles/main.dir/home/luminarei/projects/pico-sdk/src/rp2_common/hardware_gpio/gpio.c.obj
                0x0000000010000418                gpio_set_irq_enabled
 .text.gpio_add_raw_irq_handler_with_order_priority_masked
                0x000000001000046c       0x44 CMakeFiles/main.dir/home/luminarei/projects/pico-sdk/src/rp2_common/hardware_gpio/gpio.c.obj
                0x000000001000046c                gpio_add_raw_irq_handler_with_order_priority_masked
 .text.gpio_remove_raw_irq_handler_masked
                0x00000000100004b0       0x20 CMakeFiles/main.dir/home/luminarei/projects/pico-sdk/src/rp2_common/hardware_gpio/gpio.c.obj
                0x00000000100004b0                gpio_remove_raw_irq_handler_masked
 .text.gpio_init
                0x00000000100004d0       0x3c CMakeFiles/main.dir/home/luminarei/projects/pico-sdk/src/rp2_common/hardware_gpio/gpio.c.obj
                0x00000000100004d0                gpio_init
 .text.running_on_fpga
                0x000000001000050c       0x10 CMakeFiles/main.dir/home/luminarei/projects/pico-sdk/src/rp2_common/pico_platform/platform.c.obj
                0x000000001000050c                running_on_fpga
 .text.hw_claim_lock
                0x000000001000051c       0x18 CMakeFiles/main.dir/home/luminarei/projects/pico-sdk/src/rp2_common/hardware_claim/claim.c.obj
                0x000000001000051c                hw_claim_lock
 .text.hw_claim_unlock
                0x0000000010000534       0x14 CMakeFiles/main.dir/home/luminarei/projects/pico-sdk/src/rp2_common/hardware_claim/claim.c.obj
                0x0000000010000534                hw_claim_unlock
 .text.hw_claim_or_assert
                0x0000000010000548       0x44 CMakeFiles/main.dir/home/luminarei/projects/pico-sdk/src/rp2_common/hardware_claim/claim.c.obj
                0x0000000010000548                hw_claim_or_assert
 .text.hw_claim_unused_from_range
                0x000000001000058c       0x9c CMakeFiles/main.dir/home/luminarei/projects/pico-sdk/src/rp2_common/hardware_claim/claim.c.obj
                0x000000001000058c                hw_claim_unused_from_range
 .text.hw_claim_clear
                0x0000000010000628       0x38 CMakeFiles/main.dir/home/luminarei/projects/pico-sdk/src/rp2_common/hardware_claim/claim.c.obj
                0x0000000010000628                hw_claim_clear
 .text.spin_locks_reset
                0x0000000010000660       0x1c CMakeFiles/main.dir/home/luminarei/projects/pico-sdk/src/rp2_common/hardware_sync/sync.c.obj
                0x0000000010000660                spin_locks_reset
 .text.next_striped_spin_lock_num
                0x000000001000067c       0x18 CMakeFiles/main.dir/home/luminarei/projects/pico-sdk/src/rp2_common/hardware_sync/sync.c.obj
                0x000000001000067c                next_striped_spin_lock_num
 .text.irq_set_enabled
                0x0000000010000694       0x24 CMakeFiles/main.dir/home/luminarei/projects/pico-sdk/src/rp2_common/hardware_irq/irq.c.obj
                0x0000000010000694                irq_set_enabled
 .text.irq_set_pending
                0x00000000100006b8       0x10 CMakeFiles/main.dir/home/luminarei/projects/pico-sdk/src/rp2_common/hardware_irq/irq.c.obj
                0x00000000100006b8                irq_set_pending
 .text.irq_get_vtable_handler
                0x00000000100006c8       0x10 CMakeFiles/main.dir/home/luminarei/projects/pico-sdk/src/rp2_common/hardware_irq/irq.c.obj
                0x00000000100006c8                irq_get_vtable_handler
 .text.irq_set_exclusive_handler
                0x00000000100006d8       0x54 CMakeFiles/main.dir/home/luminarei/projects/pico-sdk/src/rp2_common/hardware_irq/irq.c.obj
                0x00000000100006d8                irq_set_exclusive_handler
 .text.irq_add_shared_handler
                0x000000001000072c      0x1e8 CMakeFiles/main.dir/home/luminarei/projects/pico-sdk/src/rp2_common/hardware_irq/irq.c.obj
                0x000000001000072c                irq_add_shared_handler
 .text.irq_remove_handler
                0x0000000010000914      0x1b0 CMakeFiles/main.dir/home/luminarei/projects/pico-sdk/src/rp2_common/hardware_irq/irq.c.obj
                0x0000000010000914                irq_remove_handler
 .text.irq_set_priority
                0x0000000010000ac4       0x28 CMakeFiles/main.dir/home/luminarei/projects/pico-sdk/src/rp2_common/hardware_irq/irq.c.obj
                0x0000000010000ac4                irq_set_priority
 .text.irq_add_tail_to_free_list
                0x0000000010000aec       0xb4 CMakeFiles/main.dir/home/luminarei/projects/pico-sdk/src/rp2_common/hardware_irq/irq.c.obj
                0x0000000010000aec                irq_add_tail_to_free_list
 .text.irq_init_priorities
                0x0000000010000ba0       0x24 CMakeFiles/main.dir/home/luminarei/projects/pico-sdk/src/rp2_common/hardware_irq/irq.c.obj
                0x0000000010000ba0                irq_init_priorities
 .text.user_irq_unclaim
                0x0000000010000bc4       0x14 CMakeFiles/main.dir/home/luminarei/projects/pico-sdk/src/rp2_common/hardware_irq/irq.c.obj
                0x0000000010000bc4                user_irq_unclaim
 .text.user_irq_claim_unused
                0x0000000010000bd8       0x28 CMakeFiles/main.dir/home/luminarei/projects/pico-sdk/src/rp2_common/hardware_irq/irq.c.obj
                0x0000000010000bd8                user_irq_claim_unused
 .text.sem_init
                0x0000000010000c00       0x20 CMakeFiles/main.dir/home/luminarei/projects/pico-sdk/src/common/pico_sync/sem.c.obj
                0x0000000010000c00                sem_init
 .text.lock_init
                0x0000000010000c20       0x10 CMakeFiles/main.dir/home/luminarei/projects/pico-sdk/src/common/pico_sync/lock_core.c.obj
                0x0000000010000c20                lock_init
 .text.mutex_init
                0x0000000010000c30       0x1c CMakeFiles/main.dir/home/luminarei/projects/pico-sdk/src/common/pico_sync/mutex.c.obj
                0x0000000010000c30                mutex_init
 .text.recursive_mutex_init
                0x0000000010000c4c       0x1c CMakeFiles/main.dir/home/luminarei/projects/pico-sdk/src/common/pico_sync/mutex.c.obj
                0x0000000010000c4c                recursive_mutex_init
 .text.timer_pool_entry_comparator
                0x0000000010000c68       0x34 CMakeFiles/main.dir/home/luminarei/projects/pico-sdk/src/common/pico_time/time.c.obj
                0x0000000010000c68                timer_pool_entry_comparator
 .text.sleep_until_callback
                0x0000000010000c9c       0x30 CMakeFiles/main.dir/home/luminarei/projects/pico-sdk/src/common/pico_time/time.c.obj
 .text.add_alarm_under_lock.isra.0
                0x0000000010000ccc      0x100 CMakeFiles/main.dir/home/luminarei/projects/pico-sdk/src/common/pico_time/time.c.obj
 .text.alarm_pool_alarm_callback
                0x0000000010000dcc      0x1bc CMakeFiles/main.dir/home/luminarei/projects/pico-sdk/src/common/pico_time/time.c.obj
 .text.alarm_pool_init_default
                0x0000000010000f88       0x6c CMakeFiles/main.dir/home/luminarei/projects/pico-sdk/src/common/pico_time/time.c.obj
                0x0000000010000f88                alarm_pool_init_default
 .text.alarm_pool_get_default
                0x0000000010000ff4        0x8 CMakeFiles/main.dir/home/luminarei/projects/pico-sdk/src/common/pico_time/time.c.obj
                0x0000000010000ff4                alarm_pool_get_default
 .text.alarm_pool_add_alarm_at
                0x0000000010000ffc      0x178 CMakeFiles/main.dir/home/luminarei/projects/pico-sdk/src/common/pico_time/time.c.obj
                0x0000000010000ffc                alarm_pool_add_alarm_at
 .text.alarm_pool_cancel_alarm
                0x0000000010001174       0x78 CMakeFiles/main.dir/home/luminarei/projects/pico-sdk/src/common/pico_time/time.c.obj
                0x0000000010001174                alarm_pool_cancel_alarm
 .text.sleep_until
                0x00000000100011ec       0xc4 CMakeFiles/main.dir/home/luminarei/projects/pico-sdk/src/common/pico_time/time.c.obj
                0x00000000100011ec                sleep_until
 .text.sleep_ms
                0x00000000100012b0       0x34 CMakeFiles/main.dir/home/luminarei/projects/pico-sdk/src/common/pico_time/time.c.obj
                0x00000000100012b0                sleep_ms
 .text.best_effort_wfe_or_timeout
                0x00000000100012e4       0xd4 CMakeFiles/main.dir/home/luminarei/projects/pico-sdk/src/common/pico_time/time.c.obj
                0x00000000100012e4                best_effort_wfe_or_timeout
 .text.hardware_alarm_irq_handler
                0x00000000100013b8       0xbc CMakeFiles/main.dir/home/luminarei/projects/pico-sdk/src/rp2_common/hardware_timer/timer.c.obj
 .text.hardware_alarm_claim
                0x0000000010001474       0x18 CMakeFiles/main.dir/home/luminarei/projects/pico-sdk/src/rp2_common/hardware_timer/timer.c.obj
                0x0000000010001474                hardware_alarm_claim
 .text.time_us_64
                0x000000001000148c       0x14 CMakeFiles/main.dir/home/luminarei/projects/pico-sdk/src/rp2_common/hardware_timer/timer.c.obj
                0x000000001000148c                time_us_64
 .text.busy_wait_us
                0x00000000100014a0       0x54 CMakeFiles/main.dir/home/luminarei/projects/pico-sdk/src/rp2_common/hardware_timer/timer.c.obj
                0x00000000100014a0                busy_wait_us
 .text.busy_wait_until
                0x00000000100014f4       0x20 CMakeFiles/main.dir/home/luminarei/projects/pico-sdk/src/rp2_common/hardware_timer/timer.c.obj
                0x00000000100014f4                busy_wait_until
 .text.hardware_alarm_set_callback
                0x0000000010001514       0x8c CMakeFiles/main.dir/home/luminarei/projects/pico-sdk/src/rp2_common/hardware_timer/timer.c.obj
                0x0000000010001514                hardware_alarm_set_callback
 .text.hardware_alarm_set_target
                0x00000000100015a0       0xd4 CMakeFiles/main.dir/home/luminarei/projects/pico-sdk/src/rp2_common/hardware_timer/timer.c.obj
                0x00000000100015a0                hardware_alarm_set_target
 .text.hardware_alarm_cancel
                0x0000000010001674       0x3c CMakeFiles/main.dir/home/luminarei/projects/pico-sdk/src/rp2_common/hardware_timer/timer.c.obj
                0x0000000010001674                hardware_alarm_cancel
 .text.ph_merge_nodes
                0x00000000100016b0       0x68 CMakeFiles/main.dir/home/luminarei/projects/pico-sdk/src/common/pico_util/pheap.c.obj
 .text.ph_post_alloc_init
                0x0000000010001718       0x3c CMakeFiles/main.dir/home/luminarei/projects/pico-sdk/src/common/pico_util/pheap.c.obj
                0x0000000010001718                ph_post_alloc_init
 .text.ph_merge_two_pass
                0x0000000010001754       0x90 CMakeFiles/main.dir/home/luminarei/projects/pico-sdk/src/common/pico_util/pheap.c.obj
                0x0000000010001754                ph_merge_two_pass
 .text.ph_remove_any_head
                0x00000000100017e4      0x100 CMakeFiles/main.dir/home/luminarei/projects/pico-sdk/src/common/pico_util/pheap.c.obj
 .text.ph_remove_head
                0x00000000100018e4      0x104 CMakeFiles/main.dir/home/luminarei/projects/pico-sdk/src/common/pico_util/pheap.c.obj
                0x00000000100018e4                ph_remove_head
 .text.ph_remove_and_free_node
                0x00000000100019e8       0x7c CMakeFiles/main.dir/home/luminarei/projects/pico-sdk/src/common/pico_util/pheap.c.obj
                0x00000000100019e8                ph_remove_and_free_node
 .text.uart_init
                0x0000000010001a64      0x188 CMakeFiles/main.dir/home/luminarei/projects/pico-sdk/src/rp2_common/hardware_uart/uart.c.obj
                0x0000000010001a64                uart_init
 .text.clocks_init
                0x0000000010001bec      0x2d0 CMakeFiles/main.dir/home/luminarei/projects/pico-sdk/src/rp2_common/hardware_clocks/clocks.c.obj
                0x0000000010001bec                clocks_init
 .text.clock_get_hz
                0x0000000010001ebc        0xc CMakeFiles/main.dir/home/luminarei/projects/pico-sdk/src/rp2_common/hardware_clocks/clocks.c.obj
                0x0000000010001ebc                clock_get_hz
 .text.pll_init
                0x0000000010001ec8       0xa0 CMakeFiles/main.dir/home/luminarei/projects/pico-sdk/src/rp2_common/hardware_pll/pll.c.obj
                0x0000000010001ec8                pll_init
 .text.watchdog_start_tick
                0x0000000010001f68       0x10 CMakeFiles/main.dir/home/luminarei/projects/pico-sdk/src/rp2_common/hardware_watchdog/watchdog.c.obj
                0x0000000010001f68                watchdog_start_tick
 .text.xosc_init
                0x0000000010001f78       0x28 CMakeFiles/main.dir/home/luminarei/projects/pico-sdk/src/rp2_common/hardware_xosc/xosc.c.obj
                0x0000000010001f78                xosc_init
 .text.runtime_init
                0x0000000010001fa0       0xf0 CMakeFiles/main.dir/home/luminarei/projects/pico-sdk/src/rp2_common/pico_runtime/runtime.c.obj
                0x0000000010001fa0                runtime_init
 .text._exit    0x0000000010002090        0x4 CMakeFiles/main.dir/home/luminarei/projects/pico-sdk/src/rp2_common/pico_runtime/runtime.c.obj
                0x0000000010002090                _exit
 .text.exit     0x0000000010002094        0x8 CMakeFiles/main.dir/home/luminarei/projects/pico-sdk/src/rp2_common/pico_runtime/runtime.c.obj
                0x0000000010002094                exit
 .text.panic    0x000000001000209c       0x30 CMakeFiles/main.dir/home/luminarei/projects/pico-sdk/src/rp2_common/pico_runtime/runtime.c.obj
                0x000000001000209c                panic
 .text.hard_assertion_failure
                0x00000000100020cc        0xc CMakeFiles/main.dir/home/luminarei/projects/pico-sdk/src/rp2_common/pico_runtime/runtime.c.obj
                0x00000000100020cc                hard_assertion_failure
 .text._out_null
                0x00000000100020d8        0x4 CMakeFiles/main.dir/home/luminarei/projects/pico-sdk/src/rp2_common/pico_printf/printf.c.obj
 .text._out_rev
                0x00000000100020dc       0x9c CMakeFiles/main.dir/home/luminarei/projects/pico-sdk/src/rp2_common/pico_printf/printf.c.obj
 .text._ntoa_format
                0x0000000010002178      0x1cc CMakeFiles/main.dir/home/luminarei/projects/pico-sdk/src/rp2_common/pico_printf/printf.c.obj
 .text._out_char
                0x0000000010002344       0x10 CMakeFiles/main.dir/home/luminarei/projects/pico-sdk/src/rp2_common/pico_printf/printf.c.obj
 .text._out_fct
                0x0000000010002354       0x10 CMakeFiles/main.dir/home/luminarei/projects/pico-sdk/src/rp2_common/pico_printf/printf.c.obj
 .text._etoa    0x0000000010002364      0x44c CMakeFiles/main.dir/home/luminarei/projects/pico-sdk/src/rp2_common/pico_printf/printf.c.obj
 .text._ftoa    0x00000000100027b0      0x398 CMakeFiles/main.dir/home/luminarei/projects/pico-sdk/src/rp2_common/pico_printf/printf.c.obj
 .text._vsnprintf
                0x0000000010002b48      0xb04 CMakeFiles/main.dir/home/luminarei/projects/pico-sdk/src/rp2_common/pico_printf/printf.c.obj
 .text.vfctprintf
                0x000000001000364c       0x20 CMakeFiles/main.dir/home/luminarei/projects/pico-sdk/src/rp2_common/pico_printf/printf.c.obj
                0x000000001000364c                vfctprintf
 .text.weak_raw_vprintf
                0x000000001000366c       0x30 CMakeFiles/main.dir/home/luminarei/projects/pico-sdk/src/rp2_common/pico_printf/printf.c.obj
                0x000000001000366c                weak_raw_vprintf
 .text          0x000000001000369c       0x10 CMakeFiles/main.dir/home/luminarei/projects/pico-sdk/src/rp2_common/pico_bit_ops/bit_ops_aeabi.S.obj
 .text.ctzsi    0x00000000100036ac        0xc CMakeFiles/main.dir/home/luminarei/projects/pico-sdk/src/rp2_common/pico_bit_ops/bit_ops_aeabi.S.obj
                0x00000000100036ac                __wrap___ctzsi2
 .text.rom_func_lookup
                0x00000000100036b8       0x10 CMakeFiles/main.dir/home/luminarei/projects/pico-sdk/src/rp2_common/pico_bootrom/bootrom.c.obj
                0x00000000100036b8                rom_func_lookup
 .text.rom_data_lookup
                0x00000000100036c8       0x10 CMakeFiles/main.dir/home/luminarei/projects/pico-sdk/src/rp2_common/pico_bootrom/bootrom.c.obj
                0x00000000100036c8                rom_data_lookup
 .text.rom_funcs_lookup
                0x00000000100036d8       0x44 CMakeFiles/main.dir/home/luminarei/projects/pico-sdk/src/rp2_common/pico_bootrom/bootrom.c.obj
                0x00000000100036d8                rom_funcs_lookup
 .text.__wrap___aeabi_idiv
                0x000000001000371c       0x50 CMakeFiles/main.dir/home/luminarei/projects/pico-sdk/src/rp2_common/pico_divider/divider.S.obj
                0x000000001000371c                __wrap___aeabi_idivmod
                0x000000001000371c                divmod_s32s32
                0x000000001000371c                div_s32s32
                0x000000001000371c                __wrap___aeabi_idiv
                0x0000000010003724                divmod_s32s32_unsafe
                0x0000000010003750                divmod_s32s32_savestate
 .text.__wrap___aeabi_uidiv
                0x000000001000376c       0x4c CMakeFiles/main.dir/home/luminarei/projects/pico-sdk/src/rp2_common/pico_divider/divider.S.obj
                0x000000001000376c                __wrap___aeabi_uidiv
                0x000000001000376c                __wrap___aeabi_uidivmod
                0x000000001000376c                div_u32u32
                0x000000001000376c                divmod_u32u32
                0x0000000010003774                divmod_u32u32_unsafe
                0x000000001000379c                divmod_u32u32_savestate
 .text.__wrap___aeabi_ldiv
                0x00000000100037b8      0x424 CMakeFiles/main.dir/home/luminarei/projects/pico-sdk/src/rp2_common/pico_divider/divider.S.obj
                0x00000000100037b8                div_s64s64
                0x00000000100037b8                divmod_s64s64
                0x00000000100037b8                __wrap___aeabi_ldivmod
                0x00000000100037e8                div_u64u64
                0x00000000100037e8                divmod_u64u64
                0x00000000100037e8                __wrap___aeabi_uldivmod
                0x00000000100037f8                divmod_u64u64_savestate
                0x0000000010003818                divmod_s64s64_unsafe
                0x00000000100038a0                divmod_u64u64_unsafe
 .text.__wrap___aeabi_darithmetic
                0x0000000010003bdc       0x60 CMakeFiles/main.dir/home/luminarei/projects/pico-sdk/src/rp2_common/pico_double/double_aeabi.S.obj
                0x0000000010003bdc                __wrap___aeabi_drsub
                0x0000000010003be2                __wrap___aeabi_dsub
                0x0000000010003bec                __wrap___aeabi_dadd
                0x0000000010003bf6                __wrap___aeabi_ddiv
                0x0000000010003c2a                __wrap___aeabi_dmul
 .text.__wrap___aeabi_cdcmple
                0x0000000010003c3c       0x6c CMakeFiles/main.dir/home/luminarei/projects/pico-sdk/src/rp2_common/pico_double/double_aeabi.S.obj
                0x0000000010003c3c                __wrap___aeabi_cdrcmple
                0x0000000010003c4c                __wrap___aeabi_cdcmple
                0x0000000010003c4c                __wrap___aeabi_cdcmpeq
 .text.__wrap___aeabi_dcmplt
                0x0000000010003ca8        0xc CMakeFiles/main.dir/home/luminarei/projects/pico-sdk/src/rp2_common/pico_double/double_aeabi.S.obj
                0x0000000010003ca8                __wrap___aeabi_dcmplt
 .text.__wrap___aeabi_dcmple
                0x0000000010003cb4       0x10 CMakeFiles/main.dir/home/luminarei/projects/pico-sdk/src/rp2_common/pico_double/double_aeabi.S.obj
                0x0000000010003cb4                __wrap___aeabi_dcmple
 .text.__wrap___aeabi_dcmpge
                0x0000000010003cc4       0x10 CMakeFiles/main.dir/home/luminarei/projects/pico-sdk/src/rp2_common/pico_double/double_aeabi.S.obj
                0x0000000010003cc4                __wrap___aeabi_dcmpge
 .text.__wrap___aeabi_dcmpgt
                0x0000000010003cd4        0xa CMakeFiles/main.dir/home/luminarei/projects/pico-sdk/src/rp2_common/pico_double/double_aeabi.S.obj
                0x0000000010003cd4                __wrap___aeabi_dcmpgt
 .text.__wrap___aeabi_dcmpun
                0x0000000010003cde       0x1c CMakeFiles/main.dir/home/luminarei/projects/pico-sdk/src/rp2_common/pico_double/double_aeabi.S.obj
                0x0000000010003cde                __wrap___aeabi_dcmpun
 *fill*         0x0000000010003cfa        0x2 
 .text.__wrap___aeabi_i2d
                0x0000000010003cfc       0x38 CMakeFiles/main.dir/home/luminarei/projects/pico-sdk/src/rp2_common/pico_double/double_aeabi.S.obj
                0x0000000010003cfc                __wrap___aeabi_ui2d
                0x0000000010003d04                __wrap___aeabi_i2d
 .text.__wrap___aeabi_d2iz
                0x0000000010003d34       0x48 CMakeFiles/main.dir/home/luminarei/projects/pico-sdk/src/rp2_common/pico_double/double_aeabi.S.obj
                0x0000000010003d34                __wrap___aeabi_d2iz
                0x0000000010003d34                double2int_z
 .text.__wrap___aeabi_d2uiz
                0x0000000010003d7c       0x10 CMakeFiles/main.dir/home/luminarei/projects/pico-sdk/src/rp2_common/pico_double/double_aeabi.S.obj
                0x0000000010003d7c                double2uint
                0x0000000010003d7c                __wrap___aeabi_d2uiz
 .text.missing_double_func_shim
                0x0000000010003d8c        0xc CMakeFiles/main.dir/home/luminarei/projects/pico-sdk/src/rp2_common/pico_double/double_init_rom.c.obj
 .text.__aeabi_double_init
                0x0000000010003d98       0x98 CMakeFiles/main.dir/home/luminarei/projects/pico-sdk/src/rp2_common/pico_double/double_init_rom.c.obj
                0x0000000010003d98                __aeabi_double_init
 .text.double_table_shim_on_use_helper
                0x0000000010003e30       0x2c CMakeFiles/main.dir/home/luminarei/projects/pico-sdk/src/rp2_common/pico_double/double_v1_rom_shim.S.obj
                0x0000000010003e30                double_table_shim_on_use_helper
 .text.__aeabi_lmul
                0x0000000010003e5c       0x32 CMakeFiles/main.dir/home/luminarei/projects/pico-sdk/src/rp2_common/pico_int64_ops/pico_int64_ops_aeabi.S.obj
                0x0000000010003e5c                __wrap___aeabi_lmul
 *fill*         0x0000000010003e8e        0x2 
 .text.missing_float_func_shim
                0x0000000010003e90        0xc CMakeFiles/main.dir/home/luminarei/projects/pico-sdk/src/rp2_common/pico_float/float_init_rom.c.obj
 .text.__aeabi_float_init
                0x0000000010003e9c       0x5c CMakeFiles/main.dir/home/luminarei/projects/pico-sdk/src/rp2_common/pico_float/float_init_rom.c.obj
                0x0000000010003e9c                __aeabi_float_init
 .text          0x0000000010003ef8       0x10 CMakeFiles/main.dir/home/luminarei/projects/pico-sdk/src/rp2_common/pico_mem_ops/mem_ops_aeabi.S.obj
                0x0000000010003ef8                __aeabi_mem_init
 .text.memset   0x0000000010003f08        0xc CMakeFiles/main.dir/home/luminarei/projects/pico-sdk/src/rp2_common/pico_mem_ops/mem_ops_aeabi.S.obj
                0x0000000010003f08                __wrap_memset
 .text.memcpy   0x0000000010003f14        0xc CMakeFiles/main.dir/home/luminarei/projects/pico-sdk/src/rp2_common/pico_mem_ops/mem_ops_aeabi.S.obj
                0x0000000010003f14                __wrap___aeabi_memcpy
                0x0000000010003f14                __wrap_memcpy
 .text.stdio_out_chars_no_crlf
                0x0000000010003f20       0x10 CMakeFiles/main.dir/home/luminarei/projects/pico-sdk/src/rp2_common/pico_stdio/stdio.c.obj
 .text.stdio_out_chars_crlf
                0x0000000010003f30       0xb4 CMakeFiles/main.dir/home/luminarei/projects/pico-sdk/src/rp2_common/pico_stdio/stdio.c.obj
 .text.stdio_buffered_printer
                0x0000000010003fe4       0x64 CMakeFiles/main.dir/home/luminarei/projects/pico-sdk/src/rp2_common/pico_stdio/stdio.c.obj
 .text.stdio_put_string.isra.0
                0x0000000010004048       0xfc CMakeFiles/main.dir/home/luminarei/projects/pico-sdk/src/rp2_common/pico_stdio/stdio.c.obj
 .text.__wrap_putchar
                0x0000000010004144       0x98 CMakeFiles/main.dir/home/luminarei/projects/pico-sdk/src/rp2_common/pico_stdio/stdio.c.obj
                0x0000000010004144                __wrap_putchar
 .text.__wrap_puts
                0x00000000100041dc       0x3c CMakeFiles/main.dir/home/luminarei/projects/pico-sdk/src/rp2_common/pico_stdio/stdio.c.obj
                0x00000000100041dc                __wrap_puts
 .text.stdio_set_driver_enabled
                0x0000000010004218       0x30 CMakeFiles/main.dir/home/luminarei/projects/pico-sdk/src/rp2_common/pico_stdio/stdio.c.obj
                0x0000000010004218                stdio_set_driver_enabled
 .text.__wrap_vprintf
                0x0000000010004248       0xd8 CMakeFiles/main.dir/home/luminarei/projects/pico-sdk/src/rp2_common/pico_stdio/stdio.c.obj
                0x0000000010004248                __wrap_vprintf
 .text.__wrap_printf
                0x0000000010004320       0x18 CMakeFiles/main.dir/home/luminarei/projects/pico-sdk/src/rp2_common/pico_stdio/stdio.c.obj
                0x0000000010004320                __wrap_printf
 .text.stdio_init_all
                0x0000000010004338        0xc CMakeFiles/main.dir/home/luminarei/projects/pico-sdk/src/rp2_common/pico_stdio/stdio.c.obj
                0x0000000010004338                stdio_init_all
 .text.stdio_uart_out_chars
                0x0000000010004344       0x4c CMakeFiles/main.dir/home/luminarei/projects/pico-sdk/src/rp2_common/pico_stdio_uart/stdio_uart.c.obj
 .text.stdio_uart_in_chars
                0x0000000010004390       0x84 CMakeFiles/main.dir/home/luminarei/projects/pico-sdk/src/rp2_common/pico_stdio_uart/stdio_uart.c.obj
                0x0000000010004390                stdio_uart_in_chars
 .text.on_uart_rx
                0x0000000010004414       0x28 CMakeFiles/main.dir/home/luminarei/projects/pico-sdk/src/rp2_common/pico_stdio_uart/stdio_uart.c.obj
 .text.stdio_uart_set_chars_available_callback
                0x000000001000443c       0x8c CMakeFiles/main.dir/home/luminarei/projects/pico-sdk/src/rp2_common/pico_stdio_uart/stdio_uart.c.obj
 .text.stdio_uart_init
                0x00000000100044c8       0x48 CMakeFiles/main.dir/home/luminarei/projects/pico-sdk/src/rp2_common/pico_stdio_uart/stdio_uart.c.obj
                0x00000000100044c8                stdio_uart_init
 .text.cyw43_arch_set_async_context
                0x0000000010004510        0xc CMakeFiles/main.dir/home/luminarei/projects/pico-sdk/src/rp2_common/pico_cyw43_arch/cyw43_arch.c.obj
                0x0000000010004510                cyw43_arch_set_async_context
 .text.cyw43_arch_gpio_put
                0x000000001000451c       0x14 CMakeFiles/main.dir/home/luminarei/projects/pico-sdk/src/rp2_common/pico_cyw43_arch/cyw43_arch.c.obj
                0x000000001000451c                cyw43_arch_gpio_put
 .text.cyw43_arch_async_context
                0x0000000010004530        0xc CMakeFiles/main.dir/home/luminarei/projects/pico-sdk/src/rp2_common/pico_cyw43_arch/cyw43_arch.c.obj
                0x0000000010004530                cyw43_arch_async_context
 .text.cyw43_arch_init
                0x000000001000453c       0x6c CMakeFiles/main.dir/home/luminarei/projects/pico-sdk/src/rp2_common/pico_cyw43_arch/cyw43_arch_threadsafe_background.c.obj
                0x000000001000453c                cyw43_arch_init
 .text.startup._retrieve_unique_id_on_boot
                0x00000000100045a8       0x10 CMakeFiles/main.dir/home/luminarei/projects/pico-sdk/src/rp2_common/pico_unique_id/unique_id.c.obj
 .text.pico_get_unique_board_id
                0x00000000100045b8       0x10 CMakeFiles/main.dir/home/luminarei/projects/pico-sdk/src/rp2_common/pico_unique_id/unique_id.c.obj
                0x00000000100045b8                pico_get_unique_board_id
 .text.flash_get_unique_id
                0x00000000100045c8       0x40 CMakeFiles/main.dir/home/luminarei/projects/pico-sdk/src/rp2_common/hardware_flash/flash.c.obj
                0x00000000100045c8                flash_get_unique_id
 .text.ns_delay.constprop.0
                0x0000000010004608       0x20 CMakeFiles/main.dir/home/luminarei/projects/pico-sdk/src/rp2_common/pico_cyw43_driver/cyw43_bus_pio_spi.c.obj
 .text.cyw43_spi_deinit
                0x0000000010004628       0x7c CMakeFiles/main.dir/home/luminarei/projects/pico-sdk/src/rp2_common/pico_cyw43_driver/cyw43_bus_pio_spi.c.obj
                0x0000000010004628                cyw43_spi_deinit
 .text.cyw43_spi_init
                0x00000000100046a4      0x154 CMakeFiles/main.dir/home/luminarei/projects/pico-sdk/src/rp2_common/pico_cyw43_driver/cyw43_bus_pio_spi.c.obj
                0x00000000100046a4                cyw43_spi_init
 .text.cyw43_spi_transfer
                0x00000000100047f8      0x430 CMakeFiles/main.dir/home/luminarei/projects/pico-sdk/src/rp2_common/pico_cyw43_driver/cyw43_bus_pio_spi.c.obj
                0x00000000100047f8                cyw43_spi_transfer
 .text.cyw43_spi_gpio_setup
                0x0000000010004c28       0x3c CMakeFiles/main.dir/home/luminarei/projects/pico-sdk/src/rp2_common/pico_cyw43_driver/cyw43_bus_pio_spi.c.obj
                0x0000000010004c28                cyw43_spi_gpio_setup
 .text.cyw43_spi_reset
                0x0000000010004c64       0x28 CMakeFiles/main.dir/home/luminarei/projects/pico-sdk/src/rp2_common/pico_cyw43_driver/cyw43_bus_pio_spi.c.obj
                0x0000000010004c64                cyw43_spi_reset
 .text.read_reg_u32_swap
                0x0000000010004c8c       0x3c CMakeFiles/main.dir/home/luminarei/projects/pico-sdk/src/rp2_common/pico_cyw43_driver/cyw43_bus_pio_spi.c.obj
                0x0000000010004c8c                read_reg_u32_swap
 .text.cyw43_read_reg_u32
                0x0000000010004cc8       0x6c CMakeFiles/main.dir/home/luminarei/projects/pico-sdk/src/rp2_common/pico_cyw43_driver/cyw43_bus_pio_spi.c.obj
                0x0000000010004cc8                cyw43_read_reg_u32
 .text.cyw43_read_reg_u16
                0x0000000010004d34       0x6c CMakeFiles/main.dir/home/luminarei/projects/pico-sdk/src/rp2_common/pico_cyw43_driver/cyw43_bus_pio_spi.c.obj
                0x0000000010004d34                cyw43_read_reg_u16
 .text.cyw43_read_reg_u8
                0x0000000010004da0       0x6c CMakeFiles/main.dir/home/luminarei/projects/pico-sdk/src/rp2_common/pico_cyw43_driver/cyw43_bus_pio_spi.c.obj
                0x0000000010004da0                cyw43_read_reg_u8
 .text.write_reg_u32_swap
                0x0000000010004e0c      0x1e0 CMakeFiles/main.dir/home/luminarei/projects/pico-sdk/src/rp2_common/pico_cyw43_driver/cyw43_bus_pio_spi.c.obj
                0x0000000010004e0c                write_reg_u32_swap
 .text.cyw43_write_reg_u32
                0x0000000010004fec      0x200 CMakeFiles/main.dir/home/luminarei/projects/pico-sdk/src/rp2_common/pico_cyw43_driver/cyw43_bus_pio_spi.c.obj
                0x0000000010004fec                cyw43_write_reg_u32
 .text.cyw43_write_reg_u16
                0x00000000100051ec      0x200 CMakeFiles/main.dir/home/luminarei/projects/pico-sdk/src/rp2_common/pico_cyw43_driver/cyw43_bus_pio_spi.c.obj
                0x00000000100051ec                cyw43_write_reg_u16
 .text.cyw43_write_reg_u8
                0x00000000100053ec      0x200 CMakeFiles/main.dir/home/luminarei/projects/pico-sdk/src/rp2_common/pico_cyw43_driver/cyw43_bus_pio_spi.c.obj
                0x00000000100053ec                cyw43_write_reg_u8
 .text.cyw43_read_bytes
                0x00000000100055ec       0x78 CMakeFiles/main.dir/home/luminarei/projects/pico-sdk/src/rp2_common/pico_cyw43_driver/cyw43_bus_pio_spi.c.obj
                0x00000000100055ec                cyw43_read_bytes
 .text.cyw43_write_bytes
                0x0000000010005664       0xec CMakeFiles/main.dir/home/luminarei/projects/pico-sdk/src/rp2_common/pico_cyw43_driver/cyw43_bus_pio_spi.c.obj
                0x0000000010005664                cyw43_write_bytes
 .text.cyw43_set_backplane_window
                0x0000000010005750       0x64 CMakeFiles/main.dir/home/luminarei/projects/pico-sdk/lib/cyw43-driver/src/cyw43_ll.c.obj
 .text.cyw43_ll_parse_async_event
                0x00000000100057b4      0x13c CMakeFiles/main.dir/home/luminarei/projects/pico-sdk/lib/cyw43-driver/src/cyw43_ll.c.obj
 .text.cyw43_kso_set
                0x00000000100058f0       0xa0 CMakeFiles/main.dir/home/luminarei/projects/pico-sdk/lib/cyw43-driver/src/cyw43_ll.c.obj
 .text.cyw43_ll_sdpcm_poll_device
                0x0000000010005990      0x238 CMakeFiles/main.dir/home/luminarei/projects/pico-sdk/lib/cyw43-driver/src/cyw43_ll.c.obj
 .text.cyw43_sdpcm_send_common
                0x0000000010005bc8       0xf0 CMakeFiles/main.dir/home/luminarei/projects/pico-sdk/lib/cyw43-driver/src/cyw43_ll.c.obj
 .text.cyw43_do_ioctl
                0x0000000010005cb8      0x110 CMakeFiles/main.dir/home/luminarei/projects/pico-sdk/lib/cyw43-driver/src/cyw43_ll.c.obj
 .text.cyw43_do_ioctl.constprop.0
                0x0000000010005dc8      0x108 CMakeFiles/main.dir/home/luminarei/projects/pico-sdk/lib/cyw43-driver/src/cyw43_ll.c.obj
 .text.cyw43_read_backplane.constprop.0
                0x0000000010005ed0       0xdc CMakeFiles/main.dir/home/luminarei/projects/pico-sdk/lib/cyw43-driver/src/cyw43_ll.c.obj
 .text.reset_device_core.constprop.0
                0x0000000010005fac      0x3f0 CMakeFiles/main.dir/home/luminarei/projects/pico-sdk/lib/cyw43-driver/src/cyw43_ll.c.obj
 .text.cyw43_ll_init
                0x000000001000639c       0x1c CMakeFiles/main.dir/home/luminarei/projects/pico-sdk/lib/cyw43-driver/src/cyw43_ll.c.obj
                0x000000001000639c                cyw43_ll_init
 .text.cyw43_ll_deinit
                0x00000000100063b8        0x8 CMakeFiles/main.dir/home/luminarei/projects/pico-sdk/lib/cyw43-driver/src/cyw43_ll.c.obj
                0x00000000100063b8                cyw43_ll_deinit
 .text.cyw43_ll_process_packets
                0x00000000100063c0       0x54 CMakeFiles/main.dir/home/luminarei/projects/pico-sdk/lib/cyw43-driver/src/cyw43_ll.c.obj
                0x00000000100063c0                cyw43_ll_process_packets
 .text.cyw43_ll_ioctl
                0x0000000010006414       0x20 CMakeFiles/main.dir/home/luminarei/projects/pico-sdk/lib/cyw43-driver/src/cyw43_ll.c.obj
                0x0000000010006414                cyw43_ll_ioctl
 .text.cyw43_ll_bus_sleep
                0x0000000010006434       0x34 CMakeFiles/main.dir/home/luminarei/projects/pico-sdk/lib/cyw43-driver/src/cyw43_ll.c.obj
                0x0000000010006434                cyw43_ll_bus_sleep
 .text.cyw43_ll_bus_init
                0x0000000010006468      0xbf0 CMakeFiles/main.dir/home/luminarei/projects/pico-sdk/lib/cyw43-driver/src/cyw43_ll.c.obj
                0x0000000010006468                cyw43_ll_bus_init
 .text.cyw43_ll_wifi_get_mac
                0x0000000010007058       0x44 CMakeFiles/main.dir/home/luminarei/projects/pico-sdk/lib/cyw43-driver/src/cyw43_ll.c.obj
                0x0000000010007058                cyw43_ll_wifi_get_mac
 .text.cyw43_ll_wifi_set_wpa_auth
                0x000000001000709c       0x2c CMakeFiles/main.dir/home/luminarei/projects/pico-sdk/lib/cyw43-driver/src/cyw43_ll.c.obj
                0x000000001000709c                cyw43_ll_wifi_set_wpa_auth
 .text.cyw43_ll_wifi_rejoin
                0x00000000100070c8       0x1c CMakeFiles/main.dir/home/luminarei/projects/pico-sdk/lib/cyw43-driver/src/cyw43_ll.c.obj
                0x00000000100070c8                cyw43_ll_wifi_rejoin
 .text.cyw43_ll_gpio_set
                0x00000000100070e4       0x6c CMakeFiles/main.dir/home/luminarei/projects/pico-sdk/lib/cyw43-driver/src/cyw43_ll.c.obj
                0x00000000100070e4                cyw43_ll_gpio_set
 .text.cyw43_ll_has_work
                0x0000000010007150       0x14 CMakeFiles/main.dir/home/luminarei/projects/pico-sdk/lib/cyw43-driver/src/cyw43_ll.c.obj
                0x0000000010007150                cyw43_ll_has_work
 .text.cyw43_poll_func
                0x0000000010007164       0xc0 CMakeFiles/main.dir/home/luminarei/projects/pico-sdk/lib/cyw43-driver/src/cyw43_ctrl.c.obj
 .text.cyw43_init
                0x0000000010007224       0x6c CMakeFiles/main.dir/home/luminarei/projects/pico-sdk/lib/cyw43-driver/src/cyw43_ctrl.c.obj
                0x0000000010007224                cyw43_init
 .text.cyw43_deinit
                0x0000000010007290       0x90 CMakeFiles/main.dir/home/luminarei/projects/pico-sdk/lib/cyw43-driver/src/cyw43_ctrl.c.obj
                0x0000000010007290                cyw43_deinit
 .text.cyw43_cb_read_host_interrupt_pin
                0x0000000010007320        0xc CMakeFiles/main.dir/home/luminarei/projects/pico-sdk/lib/cyw43-driver/src/cyw43_ctrl.c.obj
                0x0000000010007320                cyw43_cb_read_host_interrupt_pin
 .text.cyw43_cb_ensure_awake
                0x000000001000732c        0xc CMakeFiles/main.dir/home/luminarei/projects/pico-sdk/lib/cyw43-driver/src/cyw43_ctrl.c.obj
                0x000000001000732c                cyw43_cb_ensure_awake
 .text.cyw43_cb_process_async_event
                0x0000000010007338      0x228 CMakeFiles/main.dir/home/luminarei/projects/pico-sdk/lib/cyw43-driver/src/cyw43_ctrl.c.obj
                0x0000000010007338                cyw43_cb_process_async_event
 .text.cyw43_gpio_set
                0x0000000010007560       0xa0 CMakeFiles/main.dir/home/luminarei/projects/pico-sdk/lib/cyw43-driver/src/cyw43_ctrl.c.obj
                0x0000000010007560                cyw43_gpio_set
 .text.pio_sm_unclaim
                0x0000000010007600       0x20 CMakeFiles/main.dir/home/luminarei/projects/pico-sdk/src/rp2_common/hardware_pio/pio.c.obj
                0x0000000010007600                pio_sm_unclaim
 .text.pio_claim_unused_sm
                0x0000000010007620       0x3c CMakeFiles/main.dir/home/luminarei/projects/pico-sdk/src/rp2_common/hardware_pio/pio.c.obj
                0x0000000010007620                pio_claim_unused_sm
 .text.pio_can_add_program
                0x000000001000765c       0x68 CMakeFiles/main.dir/home/luminarei/projects/pico-sdk/src/rp2_common/hardware_pio/pio.c.obj
                0x000000001000765c                pio_can_add_program
 .text.pio_add_program
                0x00000000100076c4       0xc8 CMakeFiles/main.dir/home/luminarei/projects/pico-sdk/src/rp2_common/hardware_pio/pio.c.obj
                0x00000000100076c4                pio_add_program
 .text.pio_remove_program
                0x000000001000778c       0x34 CMakeFiles/main.dir/home/luminarei/projects/pico-sdk/src/rp2_common/hardware_pio/pio.c.obj
                0x000000001000778c                pio_remove_program
 .text.pio_sm_set_pindirs_with_mask
                0x00000000100077c0       0xa4 CMakeFiles/main.dir/home/luminarei/projects/pico-sdk/src/rp2_common/hardware_pio/pio.c.obj
                0x00000000100077c0                pio_sm_set_pindirs_with_mask
 .text.pio_sm_set_consecutive_pindirs
                0x0000000010007864       0xb0 CMakeFiles/main.dir/home/luminarei/projects/pico-sdk/src/rp2_common/hardware_pio/pio.c.obj
                0x0000000010007864                pio_sm_set_consecutive_pindirs
 .text.dma_channel_unclaim
                0x0000000010007914       0x10 CMakeFiles/main.dir/home/luminarei/projects/pico-sdk/src/rp2_common/hardware_dma/dma.c.obj
                0x0000000010007914                dma_channel_unclaim
 .text.dma_claim_unused_channel
                0x0000000010007924       0x20 CMakeFiles/main.dir/home/luminarei/projects/pico-sdk/src/rp2_common/hardware_dma/dma.c.obj
                0x0000000010007924                dma_claim_unused_channel
 .text.dma_channel_cleanup
                0x0000000010007944       0x60 CMakeFiles/main.dir/home/luminarei/projects/pico-sdk/src/rp2_common/hardware_dma/dma.c.obj
                0x0000000010007944                dma_channel_cleanup
 .text.cyw43_sleep_timeout_reached
                0x00000000100079a4       0x10 CMakeFiles/main.dir/home/luminarei/projects/pico-sdk/src/rp2_common/pico_cyw43_driver/cyw43_driver.c.obj
 .text.cyw43_irq_init
                0x00000000100079b4       0x28 CMakeFiles/main.dir/home/luminarei/projects/pico-sdk/src/rp2_common/pico_cyw43_driver/cyw43_driver.c.obj
                0x00000000100079b4                cyw43_irq_init
 .text.cyw43_irq_deinit
                0x00000000100079dc       0x20 CMakeFiles/main.dir/home/luminarei/projects/pico-sdk/src/rp2_common/pico_cyw43_driver/cyw43_driver.c.obj
                0x00000000100079dc                cyw43_irq_deinit
 .text.cyw43_gpio_irq_handler
                0x00000000100079fc       0x44 CMakeFiles/main.dir/home/luminarei/projects/pico-sdk/src/rp2_common/pico_cyw43_driver/cyw43_driver.c.obj
 .text.cyw43_do_poll
                0x0000000010007a40       0x6c CMakeFiles/main.dir/home/luminarei/projects/pico-sdk/src/rp2_common/pico_cyw43_driver/cyw43_driver.c.obj
 .text.cyw43_post_poll_hook
                0x0000000010007aac       0x10 CMakeFiles/main.dir/home/luminarei/projects/pico-sdk/src/rp2_common/pico_cyw43_driver/cyw43_driver.c.obj
                0x0000000010007aac                cyw43_post_poll_hook
 .text.cyw43_schedule_internal_poll_dispatch
                0x0000000010007abc       0x18 CMakeFiles/main.dir/home/luminarei/projects/pico-sdk/src/rp2_common/pico_cyw43_driver/cyw43_driver.c.obj
                0x0000000010007abc                cyw43_schedule_internal_poll_dispatch
 .text.cyw43_driver_init
                0x0000000010007ad4       0x38 CMakeFiles/main.dir/home/luminarei/projects/pico-sdk/src/rp2_common/pico_cyw43_driver/cyw43_driver.c.obj
                0x0000000010007ad4                cyw43_driver_init
 .text.cyw43_driver_deinit
                0x0000000010007b0c       0x44 CMakeFiles/main.dir/home/luminarei/projects/pico-sdk/src/rp2_common/pico_cyw43_driver/cyw43_driver.c.obj
                0x0000000010007b0c                cyw43_driver_deinit
 .text.cyw43_hal_generate_laa_mac
                0x0000000010007b50       0x28 CMakeFiles/main.dir/home/luminarei/projects/pico-sdk/src/rp2_common/pico_cyw43_driver/cyw43_driver.c.obj
                0x0000000010007b50                cyw43_hal_generate_laa_mac
 .text.cyw43_thread_enter
                0x0000000010007b78       0x14 CMakeFiles/main.dir/home/luminarei/projects/pico-sdk/src/rp2_common/pico_cyw43_driver/cyw43_driver.c.obj
                0x0000000010007b78                cyw43_thread_enter
 .text.cyw43_thread_exit
                0x0000000010007b8c       0x14 CMakeFiles/main.dir/home/luminarei/projects/pico-sdk/src/rp2_common/pico_cyw43_driver/cyw43_driver.c.obj
                0x0000000010007b8c                cyw43_thread_exit
 .text.cyw43_await_background_or_timeout_us
                0x0000000010007ba0       0x34 CMakeFiles/main.dir/home/luminarei/projects/pico-sdk/src/rp2_common/pico_cyw43_driver/cyw43_driver.c.obj
                0x0000000010007ba0                cyw43_await_background_or_timeout_us
 .text.cyw43_delay_ms
                0x0000000010007bd4       0x44 CMakeFiles/main.dir/home/luminarei/projects/pico-sdk/src/rp2_common/pico_cyw43_driver/cyw43_driver.c.obj
                0x0000000010007bd4                cyw43_delay_ms
 .text.cyw43_cb_tcpip_deinit
                0x0000000010007c18        0x4 CMakeFiles/main.dir/home/luminarei/projects/pico-sdk/src/rp2_common/pico_cyw43_driver/cyw43_driver.c.obj
                0x0000000010007c18                cyw43_cb_tcpip_deinit
 .text.cyw43_cb_tcpip_set_link_up
                0x0000000010007c1c        0xc CMakeFiles/main.dir/home/luminarei/projects/pico-sdk/src/rp2_common/pico_cyw43_driver/cyw43_driver.c.obj
                0x0000000010007c1c                cyw43_cb_tcpip_set_link_up
 .text.cyw43_cb_tcpip_set_link_down
                0x0000000010007c28        0xc CMakeFiles/main.dir/home/luminarei/projects/pico-sdk/src/rp2_common/pico_cyw43_driver/cyw43_driver.c.obj
                0x0000000010007c28                cyw43_cb_tcpip_set_link_down
 .text.cyw43_cb_process_ethernet
                0x0000000010007c34        0xc CMakeFiles/main.dir/home/luminarei/projects/pico-sdk/src/rp2_common/pico_cyw43_driver/cyw43_driver.c.obj
                0x0000000010007c34                cyw43_cb_process_ethernet
 .text.async_context_threadsafe_background_acquire_lock_blocking
                0x0000000010007c40        0xc CMakeFiles/main.dir/home/luminarei/projects/pico-sdk/src/rp2_common/pico_async_context/async_context_threadsafe_background.c.obj
 .text.alarm_handler
                0x0000000010007c4c       0x20 CMakeFiles/main.dir/home/luminarei/projects/pico-sdk/src/rp2_common/pico_async_context/async_context_threadsafe_background.c.obj
 .text.async_context_threadsafe_background_set_work_pending
                0x0000000010007c6c       0x1c CMakeFiles/main.dir/home/luminarei/projects/pico-sdk/src/rp2_common/pico_async_context/async_context_threadsafe_background.c.obj
 .text.process_under_lock
                0x0000000010007c88       0xc8 CMakeFiles/main.dir/home/luminarei/projects/pico-sdk/src/rp2_common/pico_async_context/async_context_threadsafe_background.c.obj
 .text.async_context_threadsafe_background_execute_sync
                0x0000000010007d50       0x30 CMakeFiles/main.dir/home/luminarei/projects/pico-sdk/src/rp2_common/pico_async_context/async_context_threadsafe_background.c.obj
                0x0000000010007d50                async_context_threadsafe_background_execute_sync
 .text.async_context_threadsafe_background_deinit
                0x0000000010007d80       0x54 CMakeFiles/main.dir/home/luminarei/projects/pico-sdk/src/rp2_common/pico_async_context/async_context_threadsafe_background.c.obj
 .text.low_priority_irq_handler
                0x0000000010007dd4       0x3c CMakeFiles/main.dir/home/luminarei/projects/pico-sdk/src/rp2_common/pico_async_context/async_context_threadsafe_background.c.obj
 .text.async_context_threadsafe_background_wait_for_work_until
                0x0000000010007e10        0xc CMakeFiles/main.dir/home/luminarei/projects/pico-sdk/src/rp2_common/pico_async_context/async_context_threadsafe_background.c.obj
 .text.async_context_threadsafe_background_wait_until
                0x0000000010007e1c       0x1c CMakeFiles/main.dir/home/luminarei/projects/pico-sdk/src/rp2_common/pico_async_context/async_context_threadsafe_background.c.obj
 .text.async_context_threadsafe_background_lock_check
                0x0000000010007e38       0x28 CMakeFiles/main.dir/home/luminarei/projects/pico-sdk/src/rp2_common/pico_async_context/async_context_threadsafe_background.c.obj
 .text.async_context_threadsafe_background_release_lock
                0x0000000010007e60       0x1c CMakeFiles/main.dir/home/luminarei/projects/pico-sdk/src/rp2_common/pico_async_context/async_context_threadsafe_background.c.obj
 .text.async_context_threadsafe_background_when_pending_worker
                0x0000000010007e7c       0x34 CMakeFiles/main.dir/home/luminarei/projects/pico-sdk/src/rp2_common/pico_async_context/async_context_threadsafe_background.c.obj
 .text.async_context_threadsafe_background_remove_at_time_worker
                0x0000000010007eb0       0x34 CMakeFiles/main.dir/home/luminarei/projects/pico-sdk/src/rp2_common/pico_async_context/async_context_threadsafe_background.c.obj
 .text.async_context_threadsafe_background_add_when_pending_worker
                0x0000000010007ee4       0x34 CMakeFiles/main.dir/home/luminarei/projects/pico-sdk/src/rp2_common/pico_async_context/async_context_threadsafe_background.c.obj
 .text.async_context_threadsafe_background_add_at_time_worker
                0x0000000010007f18       0x34 CMakeFiles/main.dir/home/luminarei/projects/pico-sdk/src/rp2_common/pico_async_context/async_context_threadsafe_background.c.obj
 .text.async_context_threadsafe_background_default_config
                0x0000000010007f4c        0xc CMakeFiles/main.dir/home/luminarei/projects/pico-sdk/src/rp2_common/pico_async_context/async_context_threadsafe_background.c.obj
                0x0000000010007f4c                async_context_threadsafe_background_default_config
 .text.async_context_threadsafe_background_init
                0x0000000010007f58       0x8c CMakeFiles/main.dir/home/luminarei/projects/pico-sdk/src/rp2_common/pico_async_context/async_context_threadsafe_background.c.obj
                0x0000000010007f58                async_context_threadsafe_background_init
 .text.async_context_base_add_at_time_worker
                0x0000000010007fe4       0x28 CMakeFiles/main.dir/home/luminarei/projects/pico-sdk/src/rp2_common/pico_async_context/async_context_base.c.obj
                0x0000000010007fe4                async_context_base_add_at_time_worker
 .text.async_context_base_remove_at_time_worker
                0x000000001000800c       0x28 CMakeFiles/main.dir/home/luminarei/projects/pico-sdk/src/rp2_common/pico_async_context/async_context_base.c.obj
                0x000000001000800c                async_context_base_remove_at_time_worker
 .text.async_context_base_add_when_pending_worker
                0x0000000010008034       0x24 CMakeFiles/main.dir/home/luminarei/projects/pico-sdk/src/rp2_common/pico_async_context/async_context_base.c.obj
                0x0000000010008034                async_context_base_add_when_pending_worker
 .text.async_context_base_remove_when_pending_worker
                0x0000000010008058       0x28 CMakeFiles/main.dir/home/luminarei/projects/pico-sdk/src/rp2_common/pico_async_context/async_context_base.c.obj
                0x0000000010008058                async_context_base_remove_when_pending_worker
 .text.async_context_base_execute_once
                0x0000000010008080       0xe8 CMakeFiles/main.dir/home/luminarei/projects/pico-sdk/src/rp2_common/pico_async_context/async_context_base.c.obj
                0x0000000010008080                async_context_base_execute_once
 .text          0x0000000010008168       0x5c /usr/lib/gcc/arm-none-eabi/10.3.1/../../../arm-none-eabi/lib/thumb/v6-m/nofp/libc.a(lib_a-strlen-stub.o)
                0x0000000010008168                strlen
 .text          0x00000000100081c4       0x74 /usr/lib/gcc/arm-none-eabi/10.3.1/../../../arm-none-eabi/lib/thumb/v6-m/nofp/libc.a(lib_a-strncmp.o)
                0x00000000100081c4                strncmp
 *(.fini)
 .fini          0x0000000010008238        0x4 /usr/lib/gcc/arm-none-eabi/10.3.1/thumb/v6-m/nofp/crti.o
                0x0000000010008238                _fini
 *fill*         0x000000001000823c        0x4 
 .fini.__stub   0x0000000010008240       0xb0 linker stubs
 *crtbegin.o(.ctors)
 *crtbegin?.o(.ctors)
 *(EXCLUDE_FILE(*crtend.o *crtend?.o) .ctors)
 *(SORT_BY_NAME(.ctors.*))
 *(.ctors)
 *crtbegin.o(.dtors)
 *crtbegin?.o(.dtors)
 *(EXCLUDE_FILE(*crtend.o *crtend?.o) .dtors)
 *(SORT_BY_NAME(.dtors.*))
 *(.dtors)
 *(.eh_frame*)
 .eh_frame      0x00000000100082f0        0x0 /usr/lib/gcc/arm-none-eabi/10.3.1/thumb/v6-m/nofp/crtbegin.o
                0x00000000100082f0                . = ALIGN (0x4)

.glue_7         0x00000000100082f0        0x0
 .glue_7        0x00000000100082f0        0x0 linker stubs

.glue_7t        0x00000000100082f0        0x0
 .glue_7t       0x00000000100082f0        0x0 linker stubs

.vfp11_veneer   0x00000000100082f0        0x0
 .vfp11_veneer  0x00000000100082f0        0x0 linker stubs

.v4_bx          0x00000000100082f0        0x0
 .v4_bx         0x00000000100082f0        0x0 linker stubs

.iplt           0x00000000100082f0        0x0
 .iplt          0x00000000100082f0        0x0 /usr/lib/gcc/arm-none-eabi/10.3.1/thumb/v6-m/nofp/crtbegin.o

.rodata         0x00000000100082f0    0x37bf4
 *(EXCLUDE_FILE(*libm.a: *libc.a:*lib_a-mem*.o *libgcc.a:) .rodata*)
 .rodata.main.str1.4
                0x00000000100082f0       0x12 CMakeFiles/main.dir/source/main.c.obj
 *fill*         0x0000000010008302        0x2 
 .rodata.user_irq_claim_unused.str1.4
                0x0000000010008304       0x1b CMakeFiles/main.dir/home/luminarei/projects/pico-sdk/src/rp2_common/hardware_irq/irq.c.obj
 *fill*         0x000000001000831f        0x1 
 .rodata.at_the_end_of_time
                0x0000000010008320        0x8 CMakeFiles/main.dir/home/luminarei/projects/pico-sdk/src/common/pico_time/time.c.obj
                0x0000000010008320                at_the_end_of_time
 .rodata.hardware_alarm_claim.str1.4
                0x0000000010008328       0x22 CMakeFiles/main.dir/home/luminarei/projects/pico-sdk/src/rp2_common/hardware_timer/timer.c.obj
 *fill*         0x000000001000834a        0x2 
 .rodata.panic.str1.4
                0x000000001000834c       0x10 CMakeFiles/main.dir/home/luminarei/projects/pico-sdk/src/rp2_common/pico_runtime/runtime.c.obj
                                         0x12 (size before relaxing)
 .rodata.hard_assertion_failure.str1.4
                0x000000001000835c        0xc CMakeFiles/main.dir/home/luminarei/projects/pico-sdk/src/rp2_common/pico_runtime/runtime.c.obj
 .rodata._ftoa.str1.4
                0x0000000010008368       0x15 CMakeFiles/main.dir/home/luminarei/projects/pico-sdk/src/rp2_common/pico_printf/printf.c.obj
 *fill*         0x000000001000837d        0x3 
 .rodata._vsnprintf
                0x0000000010008380      0x1e0 CMakeFiles/main.dir/home/luminarei/projects/pico-sdk/src/rp2_common/pico_printf/printf.c.obj
 .rodata.pow10.0
                0x0000000010008560       0x50 CMakeFiles/main.dir/home/luminarei/projects/pico-sdk/src/rp2_common/pico_printf/printf.c.obj
 .rodata.missing_double_func_shim.str1.4
                0x00000000100085b0       0x18 CMakeFiles/main.dir/home/luminarei/projects/pico-sdk/src/rp2_common/pico_double/double_init_rom.c.obj
 .rodata.missing_float_func_shim.str1.4
                0x00000000100085c8       0x18 CMakeFiles/main.dir/home/luminarei/projects/pico-sdk/src/rp2_common/pico_float/float_init_rom.c.obj
                                          0x1 (size before relaxing)
 .rodata.str1.4
                0x00000000100085c8       0x3c CMakeFiles/main.dir/home/luminarei/projects/pico-sdk/src/rp2_common/pico_standard_link/binary_info.c.obj
 .rodata.__bi_44
                0x0000000010008604        0xc CMakeFiles/main.dir/home/luminarei/projects/pico-sdk/src/rp2_common/pico_standard_link/binary_info.c.obj
 .rodata.__bi_75
                0x0000000010008610        0xc CMakeFiles/main.dir/home/luminarei/projects/pico-sdk/src/rp2_common/pico_standard_link/binary_info.c.obj
 .rodata.__bi_81
                0x000000001000861c        0xc CMakeFiles/main.dir/home/luminarei/projects/pico-sdk/src/rp2_common/pico_standard_link/binary_info.c.obj
 .rodata.crlf_str.0
                0x0000000010008628        0x2 CMakeFiles/main.dir/home/luminarei/projects/pico-sdk/src/rp2_common/pico_stdio/stdio.c.obj
 *fill*         0x000000001000862a        0x2 
 .rodata.str1.4
                0x000000001000862c       0x2c CMakeFiles/main.dir/home/luminarei/projects/pico-sdk/src/rp2_common/pico_stdio_uart/stdio_uart.c.obj
 .rodata.__bi_33.4
                0x0000000010008658        0xc CMakeFiles/main.dir/home/luminarei/projects/pico-sdk/src/rp2_common/pico_stdio_uart/stdio_uart.c.obj
 .rodata.__bi_34.5
                0x0000000010008664        0x8 CMakeFiles/main.dir/home/luminarei/projects/pico-sdk/src/rp2_common/pico_stdio_uart/stdio_uart.c.obj
 .rodata.cyw43_read_bytes.str1.4
                0x000000001000866c       0x1a CMakeFiles/main.dir/home/luminarei/projects/pico-sdk/src/rp2_common/pico_cyw43_driver/cyw43_bus_pio_spi.c.obj
 .rodata.cyw43_write_bytes.str1.4
                0x0000000010008686       0x1a CMakeFiles/main.dir/home/luminarei/projects/pico-sdk/src/rp2_common/pico_cyw43_driver/cyw43_bus_pio_spi.c.obj
                                          0xd (size before relaxing)
 *fill*         0x0000000010008686        0x2 
 .rodata.spi_gap01_sample0_program
                0x0000000010008688        0x6 CMakeFiles/main.dir/home/luminarei/projects/pico-sdk/src/rp2_common/pico_cyw43_driver/cyw43_bus_pio_spi.c.obj
 *fill*         0x000000001000868e        0x2 
 .rodata.spi_gap01_sample0_program_instructions
                0x0000000010008690        0xc CMakeFiles/main.dir/home/luminarei/projects/pico-sdk/src/rp2_common/pico_cyw43_driver/cyw43_bus_pio_spi.c.obj
 .rodata.cyw43_kso_set.str1.4
                0x000000001000869c       0x23 CMakeFiles/main.dir/home/luminarei/projects/pico-sdk/lib/cyw43-driver/src/cyw43_ll.c.obj
 *fill*         0x00000000100086bf        0x1 
 .rodata.cyw43_ll_sdpcm_poll_device.str1.4
                0x00000000100086c0       0x55 CMakeFiles/main.dir/home/luminarei/projects/pico-sdk/lib/cyw43-driver/src/cyw43_ll.c.obj
 *fill*         0x0000000010008715        0x3 
 .rodata.cyw43_sdpcm_send_common.str1.4
                0x0000000010008718       0x22 CMakeFiles/main.dir/home/luminarei/projects/pico-sdk/lib/cyw43-driver/src/cyw43_ll.c.obj
 *fill*         0x000000001000873a        0x2 
 .rodata.cyw43_do_ioctl.str1.4
                0x000000001000873c       0x53 CMakeFiles/main.dir/home/luminarei/projects/pico-sdk/lib/cyw43-driver/src/cyw43_ll.c.obj
 *fill*         0x000000001000878f        0x1 
 .rodata.reset_device_core.constprop.0.str1.4
                0x0000000010008790       0x1a CMakeFiles/main.dir/home/luminarei/projects/pico-sdk/lib/cyw43-driver/src/cyw43_ll.c.obj
 *fill*         0x00000000100087aa        0x2 
 .rodata.cyw43_ll_bus_init.str1.4
                0x00000000100087ac       0xfe CMakeFiles/main.dir/home/luminarei/projects/pico-sdk/lib/cyw43-driver/src/cyw43_ll.c.obj
 *fill*         0x00000000100088aa        0x2 
 .rodata.cyw43_ll_gpio_set.str1.4
                0x00000000100088ac        0x8 CMakeFiles/main.dir/home/luminarei/projects/pico-sdk/lib/cyw43-driver/src/cyw43_ll.c.obj
 .rodata        0x00000000100088b4       0x72 CMakeFiles/main.dir/home/luminarei/projects/pico-sdk/lib/cyw43-driver/src/cyw43_ll.c.obj
 *fill*         0x0000000010008926        0x2 
 .rodata.w43439A0_7_95_49_00_combined
                0x0000000010008928    0x36fd8 CMakeFiles/main.dir/home/luminarei/projects/pico-sdk/lib/cyw43-driver/src/cyw43_ll.c.obj
 .rodata.wifi_nvram_4343
                0x000000001003f900      0x2e7 CMakeFiles/main.dir/home/luminarei/projects/pico-sdk/lib/cyw43-driver/src/cyw43_ll.c.obj
 *fill*         0x000000001003fbe7        0x1 
 .rodata.cyw43_cb_process_async_event.str1.4
                0x000000001003fbe8       0x28 CMakeFiles/main.dir/home/luminarei/projects/pico-sdk/lib/cyw43-driver/src/cyw43_ctrl.c.obj
 .rodata.str1.4
                0x000000001003fc10       0x9e CMakeFiles/main.dir/home/luminarei/projects/pico-sdk/lib/cyw43-driver/src/cyw43_ctrl.c.obj
 *fill*         0x000000001003fcae        0x2 
 .rodata.cyw43_async_event_name_table
                0x000000001003fcb0      0x164 CMakeFiles/main.dir/home/luminarei/projects/pico-sdk/lib/cyw43-driver/src/cyw43_ctrl.c.obj
 .rodata.pio_claim_unused_sm.str1.4
                0x000000001003fe14       0x24 CMakeFiles/main.dir/home/luminarei/projects/pico-sdk/src/rp2_common/hardware_pio/pio.c.obj
 .rodata.pio_add_program.str1.4
                0x000000001003fe38       0x11 CMakeFiles/main.dir/home/luminarei/projects/pico-sdk/src/rp2_common/hardware_pio/pio.c.obj
 *fill*         0x000000001003fe49        0x3 
 .rodata.dma_claim_unused_channel.str1.4
                0x000000001003fe4c       0x1e CMakeFiles/main.dir/home/luminarei/projects/pico-sdk/src/rp2_common/hardware_dma/dma.c.obj
 *fill*         0x000000001003fe6a        0x2 
 .rodata.cyw43_cb_tcpip_set_link_up.str1.4
                0x000000001003fe6c       0x20 CMakeFiles/main.dir/home/luminarei/projects/pico-sdk/src/rp2_common/pico_cyw43_driver/cyw43_driver.c.obj
 .rodata.async_context_threadsafe_background_lock_check.str1.4
                0x000000001003fe8c       0x20 CMakeFiles/main.dir/home/luminarei/projects/pico-sdk/src/rp2_common/pico_async_context/async_context_threadsafe_background.c.obj
 .rodata.template
                0x000000001003feac       0x38 CMakeFiles/main.dir/home/luminarei/projects/pico-sdk/src/rp2_common/pico_async_context/async_context_threadsafe_background.c.obj
                0x000000001003fee4                . = ALIGN (0x4)
 *(SORT_BY_ALIGNMENT(SORT_BY_NAME(.flashdata*)))
                0x000000001003fee4                . = ALIGN (0x4)

.ARM.extab
 *(.ARM.extab* .gnu.linkonce.armextab.*)
                0x000000001003fee4                __exidx_start = .

.ARM.exidx
 *(.ARM.exidx* .gnu.linkonce.armexidx.*)
                0x000000001003fee4                __exidx_end = .
                0x000000001003fee4                . = ALIGN (0x4)
                0x000000001003fee4                __binary_info_start = .

.binary_info    0x000000001003fee4       0x24
 *(.binary_info.keep.*)
 .binary_info.keep.__bi_ptr22
                0x000000001003fee4        0x4 CMakeFiles/main.dir/home/luminarei/projects/pico-sdk/src/rp2_common/pico_standard_link/binary_info.c.obj
 .binary_info.keep.__bi_ptr30
                0x000000001003fee8        0x4 CMakeFiles/main.dir/home/luminarei/projects/pico-sdk/src/rp2_common/pico_standard_link/binary_info.c.obj
 .binary_info.keep.__bi_ptr38
                0x000000001003feec        0x4 CMakeFiles/main.dir/home/luminarei/projects/pico-sdk/src/rp2_common/pico_standard_link/binary_info.c.obj
 .binary_info.keep.__bi_ptr44
                0x000000001003fef0        0x4 CMakeFiles/main.dir/home/luminarei/projects/pico-sdk/src/rp2_common/pico_standard_link/binary_info.c.obj
 .binary_info.keep.__bi_ptr50
                0x000000001003fef4        0x4 CMakeFiles/main.dir/home/luminarei/projects/pico-sdk/src/rp2_common/pico_standard_link/binary_info.c.obj
 .binary_info.keep.__bi_ptr75
                0x000000001003fef8        0x4 CMakeFiles/main.dir/home/luminarei/projects/pico-sdk/src/rp2_common/pico_standard_link/binary_info.c.obj
 .binary_info.keep.__bi_ptr81
                0x000000001003fefc        0x4 CMakeFiles/main.dir/home/luminarei/projects/pico-sdk/src/rp2_common/pico_standard_link/binary_info.c.obj
 *(.binary_info.*)
 .binary_info.__bi_ptr33
                0x000000001003ff00        0x4 CMakeFiles/main.dir/home/luminarei/projects/pico-sdk/src/rp2_common/pico_stdio_uart/stdio_uart.c.obj
 .binary_info.__bi_ptr34
                0x000000001003ff04        0x4 CMakeFiles/main.dir/home/luminarei/projects/pico-sdk/src/rp2_common/pico_stdio_uart/stdio_uart.c.obj
                0x000000001003ff08                __binary_info_end = .

.rel.dyn        0x000000001003ff08        0x0
 .rel.iplt      0x000000001003ff08        0x0 /usr/lib/gcc/arm-none-eabi/10.3.1/thumb/v6-m/nofp/crtbegin.o
                0x000000001003ff08                . = ALIGN (0x4)

.ram_vector_table
                0x0000000020000000       0xc0
 *(.ram_vector_table)
 .ram_vector_table
                0x0000000020000000       0xc0 CMakeFiles/main.dir/home/luminarei/projects/pico-sdk/src/rp2_common/pico_runtime/runtime.c.obj
                0x0000000020000000                ram_vector_table

.data           0x00000000200000c0      0x560 load address 0x000000001003ff08
                0x00000000200000c0                __data_start__ = .
 *(vtable)
 *(.time_critical*)
 .time_critical.sem_acquire_block_until
                0x00000000200000c0       0x68 CMakeFiles/main.dir/home/luminarei/projects/pico-sdk/src/common/pico_sync/sem.c.obj
                0x00000000200000c0                sem_acquire_block_until
 .time_critical.sem_release
                0x0000000020000128       0x4c CMakeFiles/main.dir/home/luminarei/projects/pico-sdk/src/common/pico_sync/sem.c.obj
                0x0000000020000128                sem_release
 .time_critical.recursive_mutex_enter_blocking
                0x0000000020000174       0x54 CMakeFiles/main.dir/home/luminarei/projects/pico-sdk/src/common/pico_sync/mutex.c.obj
                0x0000000020000174                recursive_mutex_enter_blocking
 .time_critical.mutex_try_enter_block_until
                0x00000000200001c8       0x9c CMakeFiles/main.dir/home/luminarei/projects/pico-sdk/src/common/pico_sync/mutex.c.obj
                0x00000000200001c8                mutex_try_enter_block_until
 .time_critical.recursive_mutex_try_enter
                0x0000000020000264       0x54 CMakeFiles/main.dir/home/luminarei/projects/pico-sdk/src/common/pico_sync/mutex.c.obj
                0x0000000020000264                recursive_mutex_try_enter
 .time_critical.mutex_exit
                0x00000000200002b8       0x28 CMakeFiles/main.dir/home/luminarei/projects/pico-sdk/src/common/pico_sync/mutex.c.obj
                0x00000000200002b8                mutex_exit
 .time_critical.recursive_mutex_exit
                0x00000000200002e0       0x44 CMakeFiles/main.dir/home/luminarei/projects/pico-sdk/src/common/pico_sync/mutex.c.obj
                0x00000000200002e0                recursive_mutex_exit
 .time_critical.flash_init_boot2_copyout
                0x0000000020000324       0x30 CMakeFiles/main.dir/home/luminarei/projects/pico-sdk/src/rp2_common/hardware_flash/flash.c.obj
 .time_critical.flash_enable_xip_via_boot2
                0x0000000020000354       0x10 CMakeFiles/main.dir/home/luminarei/projects/pico-sdk/src/rp2_common/hardware_flash/flash.c.obj
 .time_critical.flash_cs_force
                0x0000000020000364       0x38 CMakeFiles/main.dir/home/luminarei/projects/pico-sdk/src/rp2_common/hardware_flash/flash.c.obj
 .time_critical.flash_do_cmd
                0x000000002000039c       0xc4 CMakeFiles/main.dir/home/luminarei/projects/pico-sdk/src/rp2_common/hardware_flash/flash.c.obj
                0x000000002000039c                flash_do_cmd
 *(.text*)
 .text          0x0000000020000460        0x4 /usr/lib/gcc/arm-none-eabi/10.3.1/thumb/v6-m/nofp/libgcc.a(_dvmd_tls.o)
                0x0000000020000460                __aeabi_ldiv0
                0x0000000020000460                __aeabi_idiv0
 .text          0x0000000020000464       0xac /usr/lib/gcc/arm-none-eabi/10.3.1/../../../arm-none-eabi/lib/thumb/v6-m/nofp/libc.a(lib_a-memmove.o)
                0x0000000020000464                memmove
 .text.__stub   0x0000000020000510       0x10 linker stubs
                0x0000000020000520                . = ALIGN (0x4)
 *(.rodata*)
                0x0000000020000520                . = ALIGN (0x4)
 *(.data*)
 .data.striped_spin_lock_num
                0x0000000020000520        0x1 CMakeFiles/main.dir/home/luminarei/projects/pico-sdk/src/rp2_common/hardware_sync/sync.c.obj
 *fill*         0x0000000020000521        0x3 
 .data          0x0000000020000524       0x48 CMakeFiles/main.dir/home/luminarei/projects/pico-sdk/src/rp2_common/hardware_irq/irq_handler_chain.S.obj
                0x0000000020000524                irq_handler_chain_slots
                0x0000000020000554                irq_handler_chain_first_slot
                0x000000002000055e                irq_handler_chain_remove_tail
 .data.default_alarm_pool
                0x000000002000056c       0x18 CMakeFiles/main.dir/home/luminarei/projects/pico-sdk/src/common/pico_time/time.c.obj
 .data.default_alarm_pool_heap
                0x0000000020000584       0x10 CMakeFiles/main.dir/home/luminarei/projects/pico-sdk/src/common/pico_time/time.c.obj
 *fill*         0x0000000020000594        0xc 
 .data.aeabi_bits_funcs
                0x00000000200005a0       0x10 CMakeFiles/main.dir/home/luminarei/projects/pico-sdk/src/rp2_common/pico_bit_ops/bit_ops_aeabi.S.obj
                0x00000000200005a0                aeabi_bits_funcs
                0x00000000200005b0                aeabi_bits_funcs_end
 .data.aeabi_mem_funcs
                0x00000000200005b0       0x10 CMakeFiles/main.dir/home/luminarei/projects/pico-sdk/src/rp2_common/pico_mem_ops/mem_ops_aeabi.S.obj
                0x00000000200005b0                aeabi_mem_funcs
                0x00000000200005c0                aeabi_mem_funcs_end
 .data.stdio_uart
                0x00000000200005c0       0x18 CMakeFiles/main.dir/home/luminarei/projects/pico-sdk/src/rp2_common/pico_stdio_uart/stdio_uart.c.obj
                0x00000000200005c0                stdio_uart
 .data.cyw43_poll_worker
                0x00000000200005d8       0x10 CMakeFiles/main.dir/home/luminarei/projects/pico-sdk/src/rp2_common/pico_cyw43_driver/cyw43_driver.c.obj
 .data.sleep_timeout_worker
                0x00000000200005e8       0x18 CMakeFiles/main.dir/home/luminarei/projects/pico-sdk/src/rp2_common/pico_cyw43_driver/cyw43_driver.c.obj
                0x0000000020000600                . = ALIGN (0x4)
 *(.after_data.*)
                0x0000000020000600                . = ALIGN (0x4)
                0x0000000020000600                PROVIDE (__mutex_array_start = .)
 *(SORT_BY_NAME(.mutex_array.*))
 *(.mutex_array)
 .mutex_array   0x0000000020000600        0x8 CMakeFiles/main.dir/home/luminarei/projects/pico-sdk/src/rp2_common/pico_stdio/stdio.c.obj
                0x0000000020000608                PROVIDE (__mutex_array_end = .)
                0x0000000020000608                . = ALIGN (0x4)
                0x0000000020000608                PROVIDE (__preinit_array_start = .)
 *(SORT_BY_NAME(.preinit_array.*))
 .preinit_array.00001
                0x0000000020000608        0x4 CMakeFiles/main.dir/home/luminarei/projects/pico-sdk/src/rp2_common/pico_mem_ops/mem_ops_aeabi.S.obj
 .preinit_array.00010
                0x000000002000060c        0x4 CMakeFiles/main.dir/home/luminarei/projects/pico-sdk/src/rp2_common/pico_bit_ops/bit_ops_aeabi.S.obj
 .preinit_array.00020
                0x0000000020000610        0x4 CMakeFiles/main.dir/home/luminarei/projects/pico-sdk/src/rp2_common/pico_double/double_aeabi.S.obj
 .preinit_array.00020
                0x0000000020000614        0x4 CMakeFiles/main.dir/home/luminarei/projects/pico-sdk/src/rp2_common/pico_float/float_aeabi.S.obj
 *(.preinit_array)
                0x0000000020000618                PROVIDE (__preinit_array_end = .)
                0x0000000020000618                . = ALIGN (0x4)
                0x0000000020000618                PROVIDE (__init_array_start = .)
 *(SORT_BY_NAME(.init_array.*))
 *(.init_array)
 .init_array    0x0000000020000618        0x4 /usr/lib/gcc/arm-none-eabi/10.3.1/thumb/v6-m/nofp/crtbegin.o
 .init_array    0x000000002000061c        0x4 CMakeFiles/main.dir/home/luminarei/projects/pico-sdk/src/rp2_common/pico_unique_id/unique_id.c.obj
                0x0000000020000620                PROVIDE (__init_array_end = .)
                0x0000000020000620                . = ALIGN (0x4)
                0x0000000020000620                PROVIDE (__fini_array_start = .)
 *(SORT_BY_NAME(.fini_array.*))
 *(.fini_array)
                0x0000000020000620                PROVIDE (__fini_array_end = .)
 *(.jcr)
                0x0000000020000620                . = ALIGN (0x4)
                0x0000000020000620                __data_end__ = .
                0x000000001003ff08                __etext = LOADADDR (.data)

.tm_clone_table
                0x0000000020000620        0x0 load address 0x0000000010040468
 .tm_clone_table
                0x0000000020000620        0x0 /usr/lib/gcc/arm-none-eabi/10.3.1/thumb/v6-m/nofp/crtbegin.o
 .tm_clone_table
                0x0000000020000620        0x0 /usr/lib/gcc/arm-none-eabi/10.3.1/thumb/v6-m/nofp/crtend.o

.igot.plt       0x0000000020000620        0x0 load address 0x0000000010040468
 .igot.plt      0x0000000020000620        0x0 /usr/lib/gcc/arm-none-eabi/10.3.1/thumb/v6-m/nofp/crtbegin.o

.uninitialized_data
                0x0000000020000620        0x0 load address 0x0000000010040468
                0x0000000020000620                . = ALIGN (0x4)
 *(.uninitialized_data*)

.scratch_x      0x0000000020040000        0x0 load address 0x0000000010040468
                0x0000000020040000                __scratch_x_start__ = .
 *(.scratch_x.*)
                0x0000000020040000                . = ALIGN (0x4)
                0x0000000020040000                __scratch_x_end__ = .
                0x0000000010040468                __scratch_x_source__ = LOADADDR (.scratch_x)

.scratch_y      0x0000000020041000        0x0 load address 0x0000000010040468
                0x0000000020041000                __scratch_y_start__ = .
 *(.scratch_y.*)
                0x0000000020041000                . = ALIGN (0x4)
                0x0000000020041000                __scratch_y_end__ = .
                0x0000000010040468                __scratch_y_source__ = LOADADDR (.scratch_y)

.bss            0x0000000020000620      0xe64
                0x0000000020000620                . = ALIGN (0x4)
                0x0000000020000620                __bss_start__ = .
 *(SORT_BY_ALIGNMENT(SORT_BY_NAME(.bss*)))
 .bss.cyw43_async_context_threadsafe_background
                0x0000000020000620       0x48 CMakeFiles/main.dir/home/luminarei/projects/pico-sdk/src/rp2_common/pico_cyw43_arch/cyw43_arch_threadsafe_background.c.obj
 .bss.default_alarm_pool_entries
                0x0000000020000668      0x100 CMakeFiles/main.dir/home/luminarei/projects/pico-sdk/src/common/pico_time/time.c.obj
 .bss.sd_table  0x0000000020000768      0x100 CMakeFiles/main.dir/home/luminarei/projects/pico-sdk/src/rp2_common/pico_double/double_init_rom.c.obj
                0x0000000020000768                sd_table
 .bss           0x0000000020000868       0x1c /usr/lib/gcc/arm-none-eabi/10.3.1/thumb/v6-m/nofp/crtbegin.o
 .bss._used_instruction_space
                0x0000000020000884        0x8 CMakeFiles/main.dir/home/luminarei/projects/pico-sdk/src/rp2_common/hardware_pio/pio.c.obj
 .bss.alarm_callbacks
                0x000000002000088c       0x10 CMakeFiles/main.dir/home/luminarei/projects/pico-sdk/src/rp2_common/hardware_timer/timer.c.obj
 .bss.async_context
                0x000000002000089c        0x4 CMakeFiles/main.dir/home/luminarei/projects/pico-sdk/src/rp2_common/pico_cyw43_arch/cyw43_arch.c.obj
 .bss.async_contexts_by_user_irq
                0x00000000200008a0       0x18 CMakeFiles/main.dir/home/luminarei/projects/pico-sdk/src/rp2_common/pico_async_context/async_context_threadsafe_background.c.obj
 .bss.boot2_copyout
                0x00000000200008b8      0x100 CMakeFiles/main.dir/home/luminarei/projects/pico-sdk/src/rp2_common/hardware_flash/flash.c.obj
 .bss.bus_data_instance
                0x00000000200009b8        0xc CMakeFiles/main.dir/home/luminarei/projects/pico-sdk/src/rp2_common/pico_cyw43_driver/cyw43_bus_pio_spi.c.obj
 .bss.chars_available_callback
                0x00000000200009c4        0x4 CMakeFiles/main.dir/home/luminarei/projects/pico-sdk/src/rp2_common/pico_stdio_uart/stdio_uart.c.obj
 .bss.chars_available_param
                0x00000000200009c8        0x4 CMakeFiles/main.dir/home/luminarei/projects/pico-sdk/src/rp2_common/pico_stdio_uart/stdio_uart.c.obj
 .bss.configured_freq
                0x00000000200009cc       0x28 CMakeFiles/main.dir/home/luminarei/projects/pico-sdk/src/rp2_common/hardware_clocks/clocks.c.obj
 .bss.cyw43_async_context
                0x00000000200009f4        0x4 CMakeFiles/main.dir/home/luminarei/projects/pico-sdk/src/rp2_common/pico_cyw43_driver/cyw43_driver.c.obj
 .bss.cyw43_poll
                0x00000000200009f8        0x4 CMakeFiles/main.dir/home/luminarei/projects/pico-sdk/lib/cyw43-driver/src/cyw43_ctrl.c.obj
                0x00000000200009f8                cyw43_poll
 .bss.cyw43_sleep
                0x00000000200009fc        0x4 CMakeFiles/main.dir/home/luminarei/projects/pico-sdk/lib/cyw43-driver/src/cyw43_ctrl.c.obj
                0x00000000200009fc                cyw43_sleep
 .bss.cyw43_state
                0x0000000020000a00      0x8ec CMakeFiles/main.dir/home/luminarei/projects/pico-sdk/lib/cyw43-driver/src/cyw43_ctrl.c.obj
                0x0000000020000a00                cyw43_state
 .bss.default_alarm_pool_entry_ids_high
                0x00000000200012ec       0x10 CMakeFiles/main.dir/home/luminarei/projects/pico-sdk/src/common/pico_time/time.c.obj
 .bss.default_alarm_pool_heap_nodes
                0x00000000200012fc       0x30 CMakeFiles/main.dir/home/luminarei/projects/pico-sdk/src/common/pico_time/time.c.obj
 .bss.drivers   0x000000002000132c        0x4 CMakeFiles/main.dir/home/luminarei/projects/pico-sdk/src/rp2_common/pico_stdio/stdio.c.obj
 .bss.filter    0x0000000020001330        0x4 CMakeFiles/main.dir/home/luminarei/projects/pico-sdk/src/rp2_common/pico_stdio/stdio.c.obj
 .bss.lazy_vsnprintf
                0x0000000020001334        0x4 CMakeFiles/main.dir/home/luminarei/projects/pico-sdk/src/rp2_common/pico_printf/printf.c.obj
 .bss.pools     0x0000000020001338       0x10 CMakeFiles/main.dir/home/luminarei/projects/pico-sdk/src/common/pico_time/time.c.obj
 .bss.raw_irq_mask
                0x0000000020001348        0x8 CMakeFiles/main.dir/home/luminarei/projects/pico-sdk/src/rp2_common/hardware_gpio/gpio.c.obj
 .bss.retrieved_id
                0x0000000020001350        0x8 CMakeFiles/main.dir/home/luminarei/projects/pico-sdk/src/rp2_common/pico_unique_id/unique_id.c.obj
 .bss.sf_clz_func
                0x0000000020001358        0x4 CMakeFiles/main.dir/home/luminarei/projects/pico-sdk/src/rp2_common/pico_double/double_init_rom.c.obj
                0x0000000020001358                sf_clz_func
 .bss.sf_table  0x000000002000135c      0x100 CMakeFiles/main.dir/home/luminarei/projects/pico-sdk/src/rp2_common/pico_float/float_init_rom.c.obj
                0x000000002000135c                sf_table
 .bss.sleep_notifier
                0x000000002000145c        0x4 CMakeFiles/main.dir/home/luminarei/projects/pico-sdk/src/common/pico_time/time.c.obj
 .bss.target_hi
                0x0000000020001460       0x10 CMakeFiles/main.dir/home/luminarei/projects/pico-sdk/src/rp2_common/hardware_timer/timer.c.obj
 .bss.uart_char_to_line_feed
                0x0000000020001470        0x4 CMakeFiles/main.dir/home/luminarei/projects/pico-sdk/src/rp2_common/hardware_uart/uart.c.obj
                0x0000000020001470                uart_char_to_line_feed
 .bss.uart_instance
                0x0000000020001474        0x4 CMakeFiles/main.dir/home/luminarei/projects/pico-sdk/src/rp2_common/pico_stdio_uart/stdio_uart.c.obj
 .bss._claimed  0x0000000020001478        0x2 CMakeFiles/main.dir/home/luminarei/projects/pico-sdk/src/rp2_common/hardware_dma/dma.c.obj
 .bss.last_spi_int.0
                0x000000002000147a        0x2 CMakeFiles/main.dir/home/luminarei/projects/pico-sdk/lib/cyw43-driver/src/cyw43_ll.c.obj
 .bss.boot2_copyout_valid
                0x000000002000147c        0x1 CMakeFiles/main.dir/home/luminarei/projects/pico-sdk/src/rp2_common/hardware_flash/flash.c.obj
 .bss.claimed   0x000000002000147d        0x1 CMakeFiles/main.dir/home/luminarei/projects/pico-sdk/src/rp2_common/hardware_timer/timer.c.obj
 .bss.claimed   0x000000002000147e        0x1 CMakeFiles/main.dir/home/luminarei/projects/pico-sdk/src/rp2_common/hardware_pio/pio.c.obj
 .bss.irq_hander_chain_free_slot_head
                0x000000002000147f        0x1 CMakeFiles/main.dir/home/luminarei/projects/pico-sdk/src/rp2_common/hardware_irq/irq.c.obj
 .bss.timer_callbacks_pending
                0x0000000020001480        0x1 CMakeFiles/main.dir/home/luminarei/projects/pico-sdk/src/rp2_common/hardware_timer/timer.c.obj
 .bss.user_irq_claimed
                0x0000000020001481        0x1 CMakeFiles/main.dir/home/luminarei/projects/pico-sdk/src/rp2_common/hardware_irq/irq.c.obj
 *(COMMON)
                0x0000000020001484                . = ALIGN (0x4)
 *fill*         0x0000000020001482        0x2 
                0x0000000020001484                __bss_end__ = .

.heap           0x0000000020001484      0x800
                0x0000000020001484                __end__ = .
                0x0000000020001484                end = __end__
 *(.heap*)
 .heap          0x0000000020001484      0x800 CMakeFiles/main.dir/home/luminarei/projects/pico-sdk/src/rp2_common/pico_standard_link/crt0.S.obj
                0x0000000020001c84                __HeapLimit = .

.stack1_dummy   0x0000000020040000        0x0
 *(.stack1*)

.stack_dummy    0x0000000020041000      0x800
 *(.stack*)
 .stack         0x0000000020041000      0x800 CMakeFiles/main.dir/home/luminarei/projects/pico-sdk/src/rp2_common/pico_standard_link/crt0.S.obj

.flash_end      0x0000000010040468        0x0
                0x0000000010040468                PROVIDE (__flash_binary_end = .)
                0x0000000020040000                __StackLimit = (ORIGIN (RAM) + LENGTH (RAM))
                0x0000000020041000                __StackOneTop = (ORIGIN (SCRATCH_X) + LENGTH (SCRATCH_X))
                0x0000000020042000                __StackTop = (ORIGIN (SCRATCH_Y) + LENGTH (SCRATCH_Y))
                0x0000000020041000                __StackOneBottom = (__StackOneTop - SIZEOF (.stack1_dummy))
                0x0000000020041800                __StackBottom = (__StackTop - SIZEOF (.stack_dummy))
                0x0000000020042000                PROVIDE (__stack = __StackTop)
                0x0000000000000001                ASSERT ((__StackLimit >= __HeapLimit), region RAM overflowed)
                0x0000000000000001                ASSERT (((__binary_info_header_end - __logical_binary_start) <= 0x100), Binary info must be in first 256 bytes of the binary)
LOAD CMakeFiles/main.dir/source/main.c.obj
LOAD CMakeFiles/main.dir/home/luminarei/projects/pico-sdk/src/rp2_common/pico_stdlib/stdlib.c.obj
LOAD CMakeFiles/main.dir/home/luminarei/projects/pico-sdk/src/rp2_common/hardware_gpio/gpio.c.obj
LOAD CMakeFiles/main.dir/home/luminarei/projects/pico-sdk/src/rp2_common/pico_platform/platform.c.obj
LOAD CMakeFiles/main.dir/home/luminarei/projects/pico-sdk/src/rp2_common/hardware_claim/claim.c.obj
LOAD CMakeFiles/main.dir/home/luminarei/projects/pico-sdk/src/rp2_common/hardware_sync/sync.c.obj
LOAD CMakeFiles/main.dir/home/luminarei/projects/pico-sdk/src/rp2_common/hardware_irq/irq.c.obj
LOAD CMakeFiles/main.dir/home/luminarei/projects/pico-sdk/src/rp2_common/hardware_irq/irq_handler_chain.S.obj
LOAD CMakeFiles/main.dir/home/luminarei/projects/pico-sdk/src/common/pico_sync/sem.c.obj
LOAD CMakeFiles/main.dir/home/luminarei/projects/pico-sdk/src/common/pico_sync/lock_core.c.obj
LOAD CMakeFiles/main.dir/home/luminarei/projects/pico-sdk/src/common/pico_sync/mutex.c.obj
LOAD CMakeFiles/main.dir/home/luminarei/projects/pico-sdk/src/common/pico_sync/critical_section.c.obj
LOAD CMakeFiles/main.dir/home/luminarei/projects/pico-sdk/src/common/pico_time/time.c.obj
LOAD CMakeFiles/main.dir/home/luminarei/projects/pico-sdk/src/common/pico_time/timeout_helper.c.obj
LOAD CMakeFiles/main.dir/home/luminarei/projects/pico-sdk/src/rp2_common/hardware_timer/timer.c.obj
LOAD CMakeFiles/main.dir/home/luminarei/projects/pico-sdk/src/common/pico_util/datetime.c.obj
LOAD CMakeFiles/main.dir/home/luminarei/projects/pico-sdk/src/common/pico_util/pheap.c.obj
LOAD CMakeFiles/main.dir/home/luminarei/projects/pico-sdk/src/common/pico_util/queue.c.obj
LOAD CMakeFiles/main.dir/home/luminarei/projects/pico-sdk/src/rp2_common/hardware_uart/uart.c.obj
LOAD CMakeFiles/main.dir/home/luminarei/projects/pico-sdk/src/rp2_common/hardware_clocks/clocks.c.obj
LOAD CMakeFiles/main.dir/home/luminarei/projects/pico-sdk/src/rp2_common/hardware_pll/pll.c.obj
LOAD CMakeFiles/main.dir/home/luminarei/projects/pico-sdk/src/rp2_common/hardware_vreg/vreg.c.obj
LOAD CMakeFiles/main.dir/home/luminarei/projects/pico-sdk/src/rp2_common/hardware_watchdog/watchdog.c.obj
LOAD CMakeFiles/main.dir/home/luminarei/projects/pico-sdk/src/rp2_common/hardware_xosc/xosc.c.obj
LOAD CMakeFiles/main.dir/home/luminarei/projects/pico-sdk/src/rp2_common/hardware_divider/divider.S.obj
LOAD CMakeFiles/main.dir/home/luminarei/projects/pico-sdk/src/rp2_common/pico_runtime/runtime.c.obj
LOAD CMakeFiles/main.dir/home/luminarei/projects/pico-sdk/src/rp2_common/pico_printf/printf.c.obj
LOAD CMakeFiles/main.dir/home/luminarei/projects/pico-sdk/src/rp2_common/pico_bit_ops/bit_ops_aeabi.S.obj
LOAD CMakeFiles/main.dir/home/luminarei/projects/pico-sdk/src/rp2_common/pico_bootrom/bootrom.c.obj
LOAD CMakeFiles/main.dir/home/luminarei/projects/pico-sdk/src/rp2_common/pico_divider/divider.S.obj
LOAD CMakeFiles/main.dir/home/luminarei/projects/pico-sdk/src/rp2_common/pico_double/double_aeabi.S.obj
LOAD CMakeFiles/main.dir/home/luminarei/projects/pico-sdk/src/rp2_common/pico_double/double_init_rom.c.obj
LOAD CMakeFiles/main.dir/home/luminarei/projects/pico-sdk/src/rp2_common/pico_double/double_math.c.obj
LOAD CMakeFiles/main.dir/home/luminarei/projects/pico-sdk/src/rp2_common/pico_double/double_v1_rom_shim.S.obj
LOAD CMakeFiles/main.dir/home/luminarei/projects/pico-sdk/src/rp2_common/pico_int64_ops/pico_int64_ops_aeabi.S.obj
LOAD CMakeFiles/main.dir/home/luminarei/projects/pico-sdk/src/rp2_common/pico_float/float_aeabi.S.obj
LOAD CMakeFiles/main.dir/home/luminarei/projects/pico-sdk/src/rp2_common/pico_float/float_init_rom.c.obj
LOAD CMakeFiles/main.dir/home/luminarei/projects/pico-sdk/src/rp2_common/pico_float/float_math.c.obj
LOAD CMakeFiles/main.dir/home/luminarei/projects/pico-sdk/src/rp2_common/pico_float/float_v1_rom_shim.S.obj
LOAD CMakeFiles/main.dir/home/luminarei/projects/pico-sdk/src/rp2_common/pico_malloc/pico_malloc.c.obj
LOAD CMakeFiles/main.dir/home/luminarei/projects/pico-sdk/src/rp2_common/pico_mem_ops/mem_ops_aeabi.S.obj
LOAD CMakeFiles/main.dir/home/luminarei/projects/pico-sdk/src/rp2_common/pico_standard_link/crt0.S.obj
LOAD CMakeFiles/main.dir/home/luminarei/projects/pico-sdk/src/rp2_common/pico_standard_link/new_delete.cpp.obj
LOAD CMakeFiles/main.dir/home/luminarei/projects/pico-sdk/src/rp2_common/pico_standard_link/binary_info.c.obj
LOAD CMakeFiles/main.dir/home/luminarei/projects/pico-sdk/src/rp2_common/pico_stdio/stdio.c.obj
LOAD CMakeFiles/main.dir/home/luminarei/projects/pico-sdk/src/rp2_common/pico_stdio_uart/stdio_uart.c.obj
LOAD CMakeFiles/main.dir/home/luminarei/projects/pico-sdk/src/rp2_common/pico_cyw43_arch/cyw43_arch.c.obj
LOAD CMakeFiles/main.dir/home/luminarei/projects/pico-sdk/src/rp2_common/pico_cyw43_arch/cyw43_arch_poll.c.obj
LOAD CMakeFiles/main.dir/home/luminarei/projects/pico-sdk/src/rp2_common/pico_cyw43_arch/cyw43_arch_threadsafe_background.c.obj
LOAD CMakeFiles/main.dir/home/luminarei/projects/pico-sdk/src/rp2_common/pico_cyw43_arch/cyw43_arch_freertos.c.obj
LOAD CMakeFiles/main.dir/home/luminarei/projects/pico-sdk/src/rp2_common/pico_unique_id/unique_id.c.obj
LOAD CMakeFiles/main.dir/home/luminarei/projects/pico-sdk/src/rp2_common/hardware_flash/flash.c.obj
LOAD CMakeFiles/main.dir/home/luminarei/projects/pico-sdk/src/rp2_common/pico_cyw43_driver/cyw43_bus_pio_spi.c.obj
LOAD CMakeFiles/main.dir/home/luminarei/projects/pico-sdk/lib/cyw43-driver/src/cyw43_ll.c.obj
LOAD CMakeFiles/main.dir/home/luminarei/projects/pico-sdk/lib/cyw43-driver/src/cyw43_stats.c.obj
LOAD CMakeFiles/main.dir/home/luminarei/projects/pico-sdk/lib/cyw43-driver/src/cyw43_lwip.c.obj
LOAD CMakeFiles/main.dir/home/luminarei/projects/pico-sdk/lib/cyw43-driver/src/cyw43_ctrl.c.obj
LOAD CMakeFiles/main.dir/home/luminarei/projects/pico-sdk/src/rp2_common/pico_cyw43_driver/cybt_shared_bus/cybt_shared_bus.c.obj
LOAD CMakeFiles/main.dir/home/luminarei/projects/pico-sdk/src/rp2_common/pico_cyw43_driver/cybt_shared_bus/cybt_shared_bus_driver.c.obj
LOAD CMakeFiles/main.dir/home/luminarei/projects/pico-sdk/src/rp2_common/hardware_pio/pio.c.obj
LOAD CMakeFiles/main.dir/home/luminarei/projects/pico-sdk/src/rp2_common/hardware_dma/dma.c.obj
LOAD CMakeFiles/main.dir/home/luminarei/projects/pico-sdk/src/rp2_common/hardware_exception/exception.c.obj
LOAD CMakeFiles/main.dir/home/luminarei/projects/pico-sdk/src/rp2_common/pico_cyw43_driver/cyw43_driver.c.obj
LOAD CMakeFiles/main.dir/home/luminarei/projects/pico-sdk/src/rp2_common/pico_async_context/async_context_threadsafe_background.c.obj
LOAD CMakeFiles/main.dir/home/luminarei/projects/pico-sdk/src/rp2_common/pico_async_context/async_context_base.c.obj
LOAD /tmp/cchuTW2e.o
LOAD /usr/lib/gcc/arm-none-eabi/10.3.1/../../../arm-none-eabi/lib/thumb/v6-m/nofp/libstdc++.a
LOAD /usr/lib/gcc/arm-none-eabi/10.3.1/../../../arm-none-eabi/lib/thumb/v6-m/nofp/libm.a
START GROUP
LOAD /usr/lib/gcc/arm-none-eabi/10.3.1/thumb/v6-m/nofp/libgcc.a